Microchip MPLAB XC8 Compiler V2.00 ()

Linker command line:

-W-3 --edf=C:\Program Files (x86)\Microchip\xc8\v2.00\pic\dat\en_msgs.txt \
  -cs -h+dist/default/production\StepperMotorController_RevB.production.sym \
  --cmf=dist/default/production\StepperMotorController_RevB.production.cmf \
  -z -Q18F47J53 -oC:\Users\luke\AppData\Local\Temp\sdak.2 \
  --defsym=__MPLAB_BUILD=1 \
  -Mdist/default/production/StepperMotorController_RevB.production.map -E1 \
  -ver=XC8 --acfsm=1493 -ASTACK=02D6h-05ffh -pstack=STACK \
  -ACODE=09000h-01FFF7h -ACONST=09000h-01FFF7h \
  -ASMALLCONST=09000h-090FFhx367,01FF00h-01FFF7h \
  -AMEDIUMCONST=09000h-0FFFFh,010F00h-01FFF7h -ACOMRAM=01h-05Fh \
  -AABS1=00h-0EAFh -ABIGRAM=01h-0EAFh \
  -ARAM=060h-0FFh,0100h-01FFhx13,0E00h-0EAFh -ABANK0=060h-0FFh \
  -ABANK1=0100h-01FFh -ABANK2=0200h-02FFh -ABANK3=0300h-03FFh \
  -ABANK4=0400h-04FFh -ABANK5=0500h-05FFh -ABANK6=0600h-06FFh \
  -ABANK7=0700h-07FFh -ABANK8=0800h-08FFh -ABANK9=0900h-09FFh \
  -ABANK10=0A00h-0AFFh -ABANK11=0B00h-0BFFh -ABANK12=0C00h-0CFFh \
  -ABANK13=0D00h-0DFFh -ABANK14=0E00h-0EAFh \
  -ASFR=0EB0h-0EFFh,0F00h-0F5Fh,0F60h-0FFFh \
  -preset_vec=09000h,intcode=09008h,intcodelo,powerup,init -pramtop=0F00h \
  -psmallconst=SMALLCONST -pmediumconst=MEDIUMCONST -pconst=CONST \
  -AFARRAM=00h-00h -ACONFIG=01FFF8h-01FFFFh -pconfig=CONFIG \
  -pjflash_buffer=01F800h \
  -prdata=COMRAM,nvrram=COMRAM,nvbit=COMRAM,rbss=COMRAM,rbit=COMRAM \
  -pfarbss=FARRAM,fardata=FARRAM,nvFARRAM=FARRAM \
  -pintsave_regs=BIGRAM,bigbss=BIGRAM,bigdata=BIGRAM -pbss=RAM \
  -pidata=CODE,irdata=CODE,ibigdata=CODE,ifardata=CODE -prparam=COMRAM \
  C:\Users\luke\AppData\Local\Temp\sdak.o \
  dist/default/production\StepperMotorController_RevB.production.o 

Object code version is 3.11

Machine type is 18F47J53

Call graph: (short form)




                Name                               Link     Load   Length Selector   Space Scale
C:\Users\luke\AppData\Local\Temp\sdak.o
                init                               908E     908E        4     4804       0
                reset_vec                          9000     9000        4     4800       0
                config                            1FFF8    1FFF8        8    1FFF8       0
dist/default/production\StepperMotorController_RevB.production.o
                intcode                            9008     9008       86     4804       0
                temp                                 5B       5B        1        1       1
                mediumconst                        9092     9092     11A6     4849       0
                text156                            FF1A     FF1A       D0     511C       0
                text155                           10304    10304       BE     511C       0
                text154                           10182    10182       C4     511C       0
                text153                            F128     F128      10C     511C       0
                text152                           11582    11582       5C     8936       0
                text151                           10B8C    10B8C       94     511C       0
                text150                           11D76    11D76       3C     8936       0
                text149                            F54A     F54A      102     511C       0
                text148                           11F30    11F30       34     8936       0
                text147                           12384    12384        4     8936       0
                text146                           122A2    122A2       1A     8936       0
                text145                           11464    11464       62     8936       0
                text144                            F01A     F01A      10E     511C       0
                text143                           12308    12308       10     8936       0
                text142                            F444     F444      106     511C       0
                text141                           117F4    117F4       56     8936       0
                text140                            FE4A     FE4A       D0     511C       0
                text139                           10246    10246       BE     511C       0
                text138                           118F2    118F2       54     8936       0
                text137                           10DCE    10DCE       86     511C       0
                text136                            D0D2     D0D2      278     511C       0
                text135                            EA8A     EA8A      12C     511C       0
                text134                           1092A    1092A       9C     511C       0
                text133                           120AE    120AE       2C     8936       0
                text132                            FBC6     FBC6       DC     511C       0
                text131                            FCA2     FCA2       D8     511C       0
                text130                           10A5E    10A5E       98     511C       0
                text129                            F748     F748       FA     511C       0
                text128                           10CB0    10CB0       90     511C       0
                text127                           11526    11526       5C     8936       0
                text126                           10AF6    10AF6       96     511C       0
                text125                           1222E    1222E       20     8936       0
                text124                           11C76    11C76       44     8936       0
                text123                           11FF6    11FF6       30     8936       0
                text122                           11E92    11E92       36     8936       0
                text121                            E59C     E59C      144     511C       0
                text120                            E458     E458      144     511C       0
                text119                            BE5E     BE5E      5C2     511C       0
                text118                            EDFC     EDFC      110     511C       0
                text117                           11DB2    11DB2       3A     8936       0
                text115                            F33E     F33E      106     511C       0
                text114                           12104    12104       2A     8936       0
                text113                           1179C    1179C       58     8936       0
                text112                            D34A     D34A      274     511C       0
                text111                            FD7A     FD7A       D0     511C       0
                text110                            E032     E032      198     511C       0
                text109                           109C6    109C6       98     511C       0
                text108                           11EFC    11EFC       34     8936       0
                text107                           11692    11692       5A     8936       0
                text106                           11744    11744       58     8936       0
                text105                           121C6    121C6       24     8936       0
                text104                           10ED0    10ED0       7C     511C       0
                text103                           11638    11638       5A     8936       0
                text102                           10C20    10C20       90     511C       0
                text101                           11946    11946       52     8936       0
                text100                           11A38    11A38       50     8936       0
                text99                             DA3C     DA3C      218     511C       0
                text98                            10688    10688       AE     511C       0
                text97                            11D38    11D38       3E     8936       0
                text96                            1235E    1235E        A     8936       0
                text95                            12370    12370        8     8936       0
                text94                            12368    12368        8     8936       0
                text93                            1133C    1133C       64     8936       0
                text92                            12156    12156       28     8936       0
                text91                            119E8    119E8       50     8936       0
                text90                            11B64    11B64       46     8936       0
                text89                            12388    12388        2     8936       0
                text88                            112D6    112D6       66     8936       0
                text87                             EBB6     EBB6      12A     511C       0
                text86                            11FC6    11FC6       30     8936       0
                text85                            12054    12054       2E     8936       0
                text84                            103C2    103C2       B8     511C       0
                text83                            1233E    1233E        C     8936       0
                text82                            1103C    1103C       74     511C       0
                text81                            114C6    114C6       60     8936       0
                text80                             FAE8     FAE8       DE     511C       0
                text79                            107E0    107E0       A8     511C       0
                text78                            12354    12354        A     8936       0
                text77                            1220C    1220C       22     8936       0
                text76                            122D2    122D2       14     8936       0
                text75                            12332    12332        C     8936       0
                text74                            1047A    1047A       B2     511C       0
                text73                            10F4C    10F4C       7A     511C       0
                text72                            1212E    1212E       28     8936       0
                text71                            11EC8    11EC8       34     8936       0
                text70                            11402    11402       62     8936       0
                text69                             F234     F234      10A     511C       0
                text68                             ECE0     ECE0      11C     511C       0
                text67                             F64C     F64C       FC     511C       0
                text66                             DE4E     DE4E      1E4     511C       0
                text65                            12380    12380        4     8936       0
                text64                            1237C    1237C        4     8936       0
                text63                             CB3C     CB3C      2DC     511C       0
                text62                             C420     C420      3CA     511C       0
                text61                            113A0    113A0       62     8936       0
                text60                             E958     E958      132     511C       0
                text59                             D5BE     D5BE      25A     511C       0
                text58                            122E6    122E6       12     8936       0
                text57                            115DE    115DE       5A     8936       0
                text56                            11F64    11F64       32     8936       0
                text55                            11F96    11F96       30     8936       0
                text54                             E1CA     E1CA      14A     511C       0
                text53                            11AD4    11AD4       4A     8936       0
                text52                             FFEA     FFEA       CE     511C       0
                text51                            105DA    105DA       AE     511C       0
                text50                            1189E    1189E       54     8936       0
                text49                            11C32    11C32       44     8936       0
                text48                            10736    10736       AA     511C       0
                text47                            11BEE    11BEE       44     8936       0
                text46                            11CFA    11CFA       3E     8936       0
                text45                             D818     D818      224     511C       0
                text44                             EF0C     EF0C      10E     511C       0
                text43                             F928     F928       E2     511C       0
                text42                            11BAA    11BAA       44     8936       0
                text41                             CE18     CE18      2BA     511C       0
                text40                             FA0A     FA0A       DE     511C       0
                text39                            116EC    116EC       58     8936       0
                text38                             E314     E314      144     511C       0
                text37                             E81E     E81E      13A     511C       0
                text36                            122BC    122BC       16     8936       0
                text35                             B216     B216      C48     511C       0
                text34                            11120    11120       70     511C       0
                text33                            12026    12026       2E     8936       0
                text32                            110B0    110B0       70     511C       0
                text31                            1234A    1234A        A     8936       0
                text30                             C7EA     C7EA      352     511C       0
                text29                            100B8    100B8       CA     511C       0
                text28                            11A88    11A88       4C     8936       0
                text27                             DC54     DC54      1FA     511C       0
                text26                            12326    12326        C     8936       0
                text25                            10888    10888       A2     511C       0
                text24                            11B1E    11B1E       46     8936       0
                text23                             A238     A238      FDE     511C       0
                text22                            10FC6    10FC6       76     511C       0
                text21                            12378    12378        4     8936       0
                text20                            1126C    1126C       6A     8936       0
                text19                            12082    12082       2C     8936       0
                text18                            11998    11998       50     8936       0
                text17                            120DA    120DA       2A     8936       0
                text16                            10E54    10E54       7C     511C       0
                text15                            11E5C    11E5C       36     8936       0
                text14                            121A2    121A2       24     8936       0
                text13                            121EA    121EA       22     8936       0
                text12                            1184A    1184A       54     8936       0
                text11                            11E24    11E24       38     8936       0
                text10                            1217E    1217E       24     8936       0
                text9                             1052C    1052C       AE     511C       0
                text8                             122F8    122F8       10     8936       0
                text7                             11190    11190       6E     511C       0
                text6                             11DEC    11DEC       38     8936       0
                text5                             11CBA    11CBA       40     8936       0
                text4                             12318    12318        E     8936       0
                text3                             1226C    1226C       1C     8936       0
                text2                             1224E    1224E       1E     8936       0
                text1                              F842     F842       E6     511C       0
                text0                              E6E0     E6E0      13E     511C       0
                cstackCOMRAM                         2E       2E       2D        1       1
                cstackBANK0                          60       60       6A       60       1
                cstackBANK2                         2D2      2D2        4      200       1
                bssBIGRAMll                         800      800      200      800       1
                dataBANK2                           2B8      2B8       1A      200       1
                bssBANK2                            200      200       B8      200       1
                dataBANK1                           190      190       6D      100       1
                bssBANK1                            100      100       90      100       1
                bssBANK0                             CA       CA       36       60       1
                bssCOMRAM                             1        1       2D        1       1
                cinit                             10D40    10D40       8E     511C       0
                idataBANK2                        12288    12288       1A     8936       0
                idataBANK1                        111FE    111FE       6D     511C       0

TOTAL           Name                               Link     Load   Length     Space
        CLASS   STACK          

        CLASS   CODE           
                intcode                            9008     9008       86         0
                init                               908E     908E        4         0
                reset_vec                          9000     9000        4         0
                text156                            FF1A     FF1A       D0         0
                text155                           10304    10304       BE         0
                text154                           10182    10182       C4         0
                text153                            F128     F128      10C         0
                text152                           11582    11582       5C         0
                text151                           10B8C    10B8C       94         0
                text150                           11D76    11D76       3C         0
                text149                            F54A     F54A      102         0
                text148                           11F30    11F30       34         0
                text147                           12384    12384        4         0
                text146                           122A2    122A2       1A         0
                text145                           11464    11464       62         0
                text144                            F01A     F01A      10E         0
                text143                           12308    12308       10         0
                text142                            F444     F444      106         0
                text141                           117F4    117F4       56         0
                text140                            FE4A     FE4A       D0         0
                text139                           10246    10246       BE         0
                text138                           118F2    118F2       54         0
                text137                           10DCE    10DCE       86         0
                text136                            D0D2     D0D2      278         0
                text135                            EA8A     EA8A      12C         0
                text134                           1092A    1092A       9C         0
                text133                           120AE    120AE       2C         0
                text132                            FBC6     FBC6       DC         0
                text131                            FCA2     FCA2       D8         0
                text130                           10A5E    10A5E       98         0
                text129                            F748     F748       FA         0
                text128                           10CB0    10CB0       90         0
                text127                           11526    11526       5C         0
                text126                           10AF6    10AF6       96         0
                text125                           1222E    1222E       20         0
                text124                           11C76    11C76       44         0
                text123                           11FF6    11FF6       30         0
                text122                           11E92    11E92       36         0
                text121                            E59C     E59C      144         0
                text120                            E458     E458      144         0
                text119                            BE5E     BE5E      5C2         0
                text118                            EDFC     EDFC      110         0
                text117                           11DB2    11DB2       3A         0
                text115                            F33E     F33E      106         0
                text114                           12104    12104       2A         0
                text113                           1179C    1179C       58         0
                text112                            D34A     D34A      274         0
                text111                            FD7A     FD7A       D0         0
                text110                            E032     E032      198         0
                text109                           109C6    109C6       98         0
                text108                           11EFC    11EFC       34         0
                text107                           11692    11692       5A         0
                text106                           11744    11744       58         0
                text105                           121C6    121C6       24         0
                text104                           10ED0    10ED0       7C         0
                text103                           11638    11638       5A         0
                text102                           10C20    10C20       90         0
                text101                           11946    11946       52         0
                text100                           11A38    11A38       50         0
                text99                             DA3C     DA3C      218         0
                text98                            10688    10688       AE         0
                text97                            11D38    11D38       3E         0
                text96                            1235E    1235E        A         0
                text95                            12370    12370        8         0
                text94                            12368    12368        8         0
                text93                            1133C    1133C       64         0
                text92                            12156    12156       28         0
                text91                            119E8    119E8       50         0
                text90                            11B64    11B64       46         0
                text89                            12388    12388        2         0
                text88                            112D6    112D6       66         0
                text87                             EBB6     EBB6      12A         0
                text86                            11FC6    11FC6       30         0
                text85                            12054    12054       2E         0
                text84                            103C2    103C2       B8         0
                text83                            1233E    1233E        C         0
                text82                            1103C    1103C       74         0
                text81                            114C6    114C6       60         0
                text80                             FAE8     FAE8       DE         0
                text79                            107E0    107E0       A8         0
                text78                            12354    12354        A         0
                text77                            1220C    1220C       22         0
                text76                            122D2    122D2       14         0
                text75                            12332    12332        C         0
                text74                            1047A    1047A       B2         0
                text73                            10F4C    10F4C       7A         0
                text72                            1212E    1212E       28         0
                text71                            11EC8    11EC8       34         0
                text70                            11402    11402       62         0
                text69                             F234     F234      10A         0
                text68                             ECE0     ECE0      11C         0
                text67                             F64C     F64C       FC         0
                text66                             DE4E     DE4E      1E4         0
                text65                            12380    12380        4         0
                text64                            1237C    1237C        4         0
                text63                             CB3C     CB3C      2DC         0
                text62                             C420     C420      3CA         0
                text61                            113A0    113A0       62         0
                text60                             E958     E958      132         0
                text59                             D5BE     D5BE      25A         0
                text58                            122E6    122E6       12         0
                text57                            115DE    115DE       5A         0
                text56                            11F64    11F64       32         0
                text55                            11F96    11F96       30         0
                text54                             E1CA     E1CA      14A         0
                text53                            11AD4    11AD4       4A         0
                text52                             FFEA     FFEA       CE         0
                text51                            105DA    105DA       AE         0
                text50                            1189E    1189E       54         0
                text49                            11C32    11C32       44         0
                text48                            10736    10736       AA         0
                text47                            11BEE    11BEE       44         0
                text46                            11CFA    11CFA       3E         0
                text45                             D818     D818      224         0
                text44                             EF0C     EF0C      10E         0
                text43                             F928     F928       E2         0
                text42                            11BAA    11BAA       44         0
                text41                             CE18     CE18      2BA         0
                text40                             FA0A     FA0A       DE         0
                text39                            116EC    116EC       58         0
                text38                             E314     E314      144         0
                text37                             E81E     E81E      13A         0
                text36                            122BC    122BC       16         0
                text35                             B216     B216      C48         0
                text34                            11120    11120       70         0
                text33                            12026    12026       2E         0
                text32                            110B0    110B0       70         0
                text31                            1234A    1234A        A         0
                text30                             C7EA     C7EA      352         0
                text29                            100B8    100B8       CA         0
                text28                            11A88    11A88       4C         0
                text27                             DC54     DC54      1FA         0
                text26                            12326    12326        C         0
                text25                            10888    10888       A2         0
                text24                            11B1E    11B1E       46         0
                text23                             A238     A238      FDE         0
                text22                            10FC6    10FC6       76         0
                text21                            12378    12378        4         0
                text20                            1126C    1126C       6A         0
                text19                            12082    12082       2C         0
                text18                            11998    11998       50         0
                text17                            120DA    120DA       2A         0
                text16                            10E54    10E54       7C         0
                text15                            11E5C    11E5C       36         0
                text14                            121A2    121A2       24         0
                text13                            121EA    121EA       22         0
                text12                            1184A    1184A       54         0
                text11                            11E24    11E24       38         0
                text10                            1217E    1217E       24         0
                text9                             1052C    1052C       AE         0
                text8                             122F8    122F8       10         0
                text7                             11190    11190       6E         0
                text6                             11DEC    11DEC       38         0
                text5                             11CBA    11CBA       40         0
                text4                             12318    12318        E         0
                text3                             1226C    1226C       1C         0
                text2                             1224E    1224E       1E         0
                text1                              F842     F842       E6         0
                text0                              E6E0     E6E0      13E         0
                cinit                             10D40    10D40       8E         0
                idataBANK2                        12288    12288       1A         0
                idataBANK1                        111FE    111FE       6D         0

        CLASS   CONST          

        CLASS   SMALLCONST     

        CLASS   MEDIUMCONST    
                mediumconst                        9092     9092     11A6         0

        CLASS   COMRAM         
                temp                                 5B       5B        1         1
                cstackCOMRAM                         2E       2E       2D         1
                bssCOMRAM                             1        1       2D         1

        CLASS   ABS1           
                abs_s1                              600      600      200         1
                abs_s1                              D00      D00       5F         1
                abs_s1                              D80      D80        D         1

        CLASS   BIGRAM         
                bssBIGRAMll                         800      800      200         1

        CLASS   RAM            

        CLASS   BANK0          
                cstackBANK0                          60       60       6A         1
                bssBANK0                             CA       CA       36         1

        CLASS   BANK1          
                dataBANK1                           190      190       6D         1
                bssBANK1                            100      100       90         1

        CLASS   BANK2          
                cstackBANK2                         2D2      2D2        4         1
                dataBANK2                           2B8      2B8       1A         1
                bssBANK2                            200      200       B8         1

        CLASS   BANK3          

        CLASS   BANK4          

        CLASS   BANK5          

        CLASS   BANK6          

        CLASS   BANK7          

        CLASS   BANK8          

        CLASS   BANK9          

        CLASS   BANK10         

        CLASS   BANK11         

        CLASS   BANK12         

        CLASS   BANK13         

        CLASS   BANK14         

        CLASS   SFR            

        CLASS   FARRAM         

        CLASS   CONFIG         
                config                            1FFF8    1FFF8        8         0

        CLASS   IDLOC          



SEGMENTS        Name                           Load    Length   Top    Selector   Space  Class

                bssCOMRAM                      000001  00005B  00005C         1       1  COMRAM  
                cstackBANK0                    000060  0000A0  000100        60       1  BANK0   
                bssBANK1                       000100  0000FD  0001FD       100       1  BANK1   
                bssBANK2                       000200  0000D6  0002D6       200       1  BANK2   
                bssBIGRAMll                    000800  000200  000A00       800       1  BIGRAM  
                reset_vec                      009000  000004  009004      4800       0  CODE    
                intcode                        009008  00008A  009092      4804       0  CODE    
                mediumconst                    009092  0011A6  00A238      4849       0  MEDIUMCO
                text23                         00A238  007033  01126B      511C       0  CODE    
                text20                         01126C  00111E  01238A      8936       0  CODE    
                config                         01FFF8  000008  020000     1FFF8       0  CONFIG  


UNUSED ADDRESS RANGES

        Name                Unused          Largest block    Delta
        BANK1            001FD-001FF               3
        BANK10           00A00-00AFF             100
        BANK11           00B00-00BFF             100
        BANK12           00C00-00CFF             100
        BANK13           00D5F-00D7F              21
                         00D8D-00DFF              73
        BANK14           00E00-00EAF              B0
        BANK2            002D6-002FF              2A
        BANK3            00300-003FF             100
        BANK4            00400-004FF             100
        BANK5            00500-005FF             100
        BIGRAM           0005C-0005F               4
                         001FD-001FF               3
                         002D6-005FF             32A
                         00A00-00CFF             300
                         00D5F-00D7F              21
                         00D8D-00EAF             123
        CODE             09004-09007               4
                         1126B-1126B               1
                         1238A-1FFF7            DC6E
        COMRAM           0005C-0005F               4
        CONST            09004-09007               4
                         1126B-1126B               1
                         1238A-1FFF7            DC6E
        FARRAM           00000-00000               1
        MEDIUMCONST      09004-09007               4
                         1126B-1126B               1
                         1238A-1FFF7            DC6E
        RAM              001FD-001FF               3
                         002D6-005FF             100
                         00A00-00CFF             100
                         00D5F-00D7F              21
                         00D8D-00EAF              73
        SFR              00EB0-00FFF              60
        SMALLCONST       09004-09007               4
                         1126B-1126B               1
                         1238A-1FFF7             100
        STACK            002D6-005FF             32A

                                  Symbol Table

?_ExternalFlash_CapacityRead                     cstackBANK0   00060
?_ExternalFlash_MediaInitialize                  cstackBANK0   00060
?_ExternalFlash_SectorSizeRead                   cstackBANK0   00060
?_USBTransferOnePacket                           cstackBANK0   00060
?___aldiv                                        cstackBANK0   00060
?___almod                                        cstackBANK0   00060
?___fldiv                                        cstackBANK0   0006E
?___flmul                                        cstackBANK0   0006E
?___fltol                                        cstackBANK0   00060
?___lmul                                         cstackBANK0   00060
?___lwdiv                                        cstackBANK0   00060
?___lwmod                                        cstackBANK0   00060
?___xxtofl                                       cstackBANK0   00060
?__flash_get_status                              cstackBANK0   0006C
?__motor_get_speed_in_degrees                    cstackBANK0   00087
?_encoder_next_arc_step_size                     cstackBANK0   00060
?_encoder_next_setup_stepsize                    cstackBANK0   00060
?_motor_nonzero_steps_from_degrees               cstackBANK0   0008F
?_motor_speed_from_index                         cstackBANK0   00093
?_motor_steps_from_degrees                       cstackBANK0   00087
?_strlen                                         cstackBANK0   00060
?i2_ExternalFlash_MediaInitialize                cstackCOMRAM  0002E
?i2_USBTransferOnePacket                         cstackCOMRAM  0002E
ExternalFlash_CapacityRead@config                cstackBANK0   00060
ExternalFlash_MediaDetect@config                 cstackBANK0   00060
ExternalFlash_MediaInitialize@config             cstackBANK0   00060
ExternalFlash_SectorRead@buffer                  cstackBANK0   00091
ExternalFlash_SectorRead@config                  cstackBANK0   0008B
ExternalFlash_SectorRead@page                    cstackBANK0   00093
ExternalFlash_SectorRead@sector_addr             cstackBANK0   0008D
ExternalFlash_SectorSizeRead@config              cstackBANK0   00060
ExternalFlash_SectorWrite@allowWriteToZero       cstackBANK0   00068
ExternalFlash_SectorWrite@buffer                 cstackBANK0   00066
ExternalFlash_SectorWrite@config                 cstackBANK0   00060
ExternalFlash_SectorWrite@sector_addr            cstackBANK0   00062
ExternalFlash_WriteProtectStateGet@config        cstackBANK0   00060
MSDCheckForErrorCases@DeviceBytes                cstackBANK0   0006A
MSDCheckForErrorCases@DeviceNoData               cstackBANK0   0006F
MSDCheckForErrorCases@HostMoreDataThanDevice     cstackBANK0   0006E
MSDCheckForErrorCases@MSDErrorCase               cstackBANK0   00070
MSDComputeDeviceInAndResidue@DiExpected          cstackBANK0   00060
MSDErrorHandler@ErrorCase                        cstackBANK0   00068
MSDErrorHandler@OldMSD_State                     cstackBANK0   00069
MSDProcessCommandMediaPresent@NumBytesInPacket   cstackBANK0   0009D
MSDProcessCommandMediaPresent@capacity           cstackBANK0   000A2
MSDProcessCommandMediaPresent@i                  cstackBANK0   000A6
MSDProcessCommandMediaPresent@sectorSize         cstackBANK0   0009E
MSDTasks@i                                       cstackBANK0   000B1
MSDTransferTerminated@handle                     cstackCOMRAM  00039
SYSTEM_Initialize@pll_startup_counter            cstackBANK0   00061
SYSTEM_Initialize@pll_startup_counter_3095       cstackBANK0   00063
SYSTEM_Initialize@state                          cstackBANK0   00060
USBConfigureEndpoint@EPNum                       cstackCOMRAM  00033
USBConfigureEndpoint@direction                   cstackCOMRAM  0002E
USBConfigureEndpoint@handle                      cstackCOMRAM  00034
USBCtrlTrfInHandler@lastDTS                      cstackCOMRAM  0002F
USBCtrlTrfRxService@byteToRead                   cstackCOMRAM  0002F
USBCtrlTrfRxService@i                            cstackCOMRAM  0002E
USBCtrlTrfTxService@byteToSend                   cstackCOMRAM  0002E
USBDeviceInit@i                                  cstackBANK0   00068
USBDeviceTasks@i                                 cstackCOMRAM  0004C
USBEnableEndpoint@ep                             cstackCOMRAM  00039
USBEnableEndpoint@options                        cstackCOMRAM  00036
USBEnableEndpoint@p                              cstackCOMRAM  00037
USBStallEndpoint@dir                             cstackBANK0   00060
USBStallEndpoint@ep                              cstackBANK0   00065
USBStallEndpoint@p                               cstackBANK0   00066
USBStdFeatureReqHandler@current_ep_data          cstackCOMRAM  00048
USBStdFeatureReqHandler@p                        cstackCOMRAM  00049
USBStdFeatureReqHandler@pUEP                     cstackCOMRAM  00046
USBStdGetStatusHandler@p                         cstackCOMRAM  0002F
USBStdSetCfgHandler@i                            cstackCOMRAM  00045
USBTransferOnePacket@data                        cstackBANK0   00061
USBTransferOnePacket@dir                         cstackBANK0   00060
USBTransferOnePacket@ep                          cstackBANK0   00068
USBTransferOnePacket@handle                      cstackBANK0   00069
USBTransferOnePacket@len                         cstackBANK0   00063
USER_USB_CALLBACK_EVENT_HANDLER@event            cstackCOMRAM  0003D
USER_USB_CALLBACK_EVENT_HANDLER@pdata            cstackCOMRAM  0003F
USER_USB_CALLBACK_EVENT_HANDLER@size             cstackCOMRAM  00041
_ANCON0bits                                      (abs)         00F48
_ANCON1bits                                      (abs)         00F49
_APP_DeviceCustomHIDInitialize                   text148       11F30
_APP_DeviceCustomHIDTasks                        text79        107E0
_APP_DeviceMSDInitialize                         text143       12308
_APP_DeviceMSDTasks                              text58        122E6
_BDT                                             (abs)         00D00
_BothEP0OutUOWNsSet                              bssCOMRAM     00025
_CCP1CONbits                                     (abs)         00FBA
_CCPR1L                                          (abs)         00FBB
_CCPTMRS0bits                                    (abs)         00F52
_CtrlTrfData                                     (abs)         00D38
_DMABCH                                          (abs)         00F66
_DMABCL                                          (abs)         00F67
_DMACON1bits                                     (abs)         00F88
_DMACON2bits                                     (abs)         00F86
_EECON2                                          (abs)         00FA7
_ExternalFlash_CapacityRead                      text76        122D2
_ExternalFlash_MediaDetect                       text78        12354
_ExternalFlash_MediaDetect$intlevel0             text78        1235A
_ExternalFlash_MediaInitialize                   text77        1220C
_ExternalFlash_MediaInitialize$intlevel0         text77        12212
_ExternalFlash_SectorRead                        text71        11EC8
_ExternalFlash_SectorSizeRead                    text75        12332
_ExternalFlash_SectorWrite                       text65        12380
_ExternalFlash_WriteProtectStateGet              text64        1237C
_INTCONbits                                      (abs)         00FF2
_IPR2bits                                        (abs)         00FA2
_LATAbits                                        (abs)         00F89
_LATBbits                                        (abs)         00F8A
_LATCbits                                        (abs)         00F8B
_LATDbits                                        (abs)         00F8C
_LBA                                             bssBANK1      0015B
_LUN                                             dataBANK1     00190
_MSBBufferIndex                                  bssBANK1      00177
_MSDCBWValid                                     bssBANK1      0017E
_MSDCheckForErrorCases                           text67        0F64C
_MSDCommandState                                 bssBANK0      000FE
_MSDComputeDeviceInAndResidue                    text74        1047A
_MSDErrorHandler                                 text68        0ECE0
_MSDHostNoData                                   bssBANK0      000FD
_MSDProcessCommand                               text60        0E958
_MSDProcessCommandMediaAbsent                    text61        113A0
_MSDProcessCommandMediaPresent                   text62        0C420
_MSDProcessCommandMediaPresent$2606              cstackBANK0   0009B
_MSDReadHandler                                  text66        0DE4E
_MSDReadState                                    bssBANK1      00182
_MSDRetryAttempt                                 bssBANK1      00181
_MSDTasks                                        text59        0D5BE
_MSDTasks$2588                                   cstackBANK0   000AD
_MSDTasks$2589                                   cstackBANK0   000AF
_MSDTransferTerminated                           text141       117F4
_MSDTransferTerminated$2623                      cstackCOMRAM  0003B
_MSDWriteHandler                                 text63        0CB3C
_MSDWriteState                                   bssCOMRAM     00021
_MSD_State                                       bssBANK0      000FF
_OSCCON                                          (abs)         00FD3
_OSCTUNEbits                                     (abs)         00F9B
_PIE1bits                                        (abs)         00F9D
_PIE2bits                                        (abs)         00FA0
_PIR1bits                                        (abs)         00F9E
_PIR2bits                                        (abs)         00FA1
_PORTA                                           (abs)         00F80
_PORTAbits                                       (abs)         00F80
_PORTDbits                                       (abs)         00F83
_PORTE                                           (abs)         00F84
_PORTEbits                                       (abs)         00F84
_PPSCONbits                                      (abs)         00EBF
_PR2                                             (abs)         00FCB
_RCONbits                                        (abs)         00FD0
_RPINR21                                         (abs)         00EFC
_RPINR22                                         (abs)         00EFD
_RPOR21                                          (abs)         00ED5
_RPOR23                                          (abs)         00ED7
_RPOR4                                           (abs)         00EC4
_RXADDRH                                         (abs)         00F68
_RXADDRL                                         (abs)         00F69
_ReceivedDataBuffer                              bssBANK2      00278
_RemoteWakeup                                    bssCOMRAM     00028
_ResetSenseData                                  text70        11402
_SSP1ADD                                         (abs)         00FC8
_SSP1BUF                                         (abs)         00FC9
_SSP1CON1bits                                    (abs)         00FC6
_SSP1CON2bits                                    (abs)         00FC5
_SSP1STATbits                                    (abs)         00FC7
_SSP2CON1bits                                    (abs)         00F72
_SSP2STATbits                                    (abs)         00F73
_SYSTEM_Initialize                               text57        115DE
_SYS_InterruptHigh                               intcode       09008
_SetupPkt                                        (abs)         00D30
_SoftDetach                                      bssBANK1      0017F
_T0CONbits                                       (abs)         00FD5
_T2CONbits                                       (abs)         00FCA
_TMR0H                                           (abs)         00FD7
_TMR0L                                           (abs)         00FD6
_TMR2                                            (abs)         00FCC
_TRISAbits                                       (abs)         00F92
_TRISBbits                                       (abs)         00F93
_TRISCbits                                       (abs)         00F94
_TRISDbits                                       (abs)         00F95
_TRISEbits                                       (abs)         00F96
_TXADDRH                                         (abs)         00F6A
_TXADDRL                                         (abs)         00F6B
_ToSendDataBuffer                                bssBANK2      00238
_TransferLength                                  bssBANK0      000F3
_UADDR                                           (abs)         00F38
_UCFG                                            (abs)         00F39
_UCON                                            (abs)         00F65
_UCONbits                                        (abs)         00F65
_UEIE                                            (abs)         00F37
_UEIR                                            (abs)         00F63
_UEP0                                            (abs)         00F26
_UEP0bits                                        (abs)         00F26
_UEP1                                            (abs)         00F27
_UIE                                             (abs)         00F36
_UIEbits                                         (abs)         00F36
_UIR                                             (abs)         00F62
_UIRbits                                         (abs)         00F62
_USB1msTickCount                                 bssBANK1      0015F
_USBActiveConfiguration                          bssCOMRAM     0002D
_USBAlternateInterface                           bssBANK1      0018C
_USBBusIsSuspended                               bssCOMRAM     00027
_USBCheckHIDRequest                              text140       0FE4A
_USBCheckMSDRequest                              text139       10246
_USBCheckMSDRequest$2534                         cstackCOMRAM  00039
_USBCheckMSDRequest$2535                         cstackCOMRAM  0003B
_USBCheckStdRequest                              text131       0FCA2
_USBConfigureEndpoint                            text151       10B8C
_USBCtrlEPAllowDataStage                         text130       10A5E
_USBCtrlEPAllowStatusStage                       text154       10182
_USBCtrlEPService                                text126       10AF6
_USBCtrlEPServiceComplete                        text129       0F748
_USBCtrlTrfInHandler                             text155       10304
_USBCtrlTrfOutHandler                            text152       11582
_USBCtrlTrfRxService                             text153       0F128
_USBCtrlTrfSetupHandler                          text128       10CB0
_USBCtrlTrfTxService                             text156       0FF1A
_USBDeferINDataStagePackets                      bssBANK1      00185
_USBDeferOUTDataStagePackets                     bssBANK1      00184
_USBDeferStatusStagePacket                       bssCOMRAM     00023
_USBDeviceAttach                                 text56        11F64
_USBDeviceInit                                   text54        0E1CA
_USBDeviceState                                  bssCOMRAM     0002B
_USBDeviceTasks                                  text120       0E458
_USBEnableEndpoint                               text150       11D76
_USBInHandle                                     bssBANK1      00171
_USBIncrement1msInternalTimers                   text125       1222E
_USBMSDInHandle                                  bssBANK0      000F5
_USBMSDInit                                      text144       0F01A
_USBMSDOutHandle                                 bssBANK0      000F7
_USBOutHandle                                    bssBANK1      00173
_USBStallEndpoint                                text69        0F234
_USBStallHandler                                 text124       11C76
_USBStatusStageEnabledFlag1                      bssCOMRAM     00022
_USBStatusStageEnabledFlag2                      bssBANK1      00186
_USBStatusStageTimeoutCounter                    bssCOMRAM     00024
_USBStdFeatureReqHandler                         text136       0D0D2
_USBStdGetDscHandler                             text135       0EA8A
_USBStdGetStatusHandler                          text134       1092A
_USBStdSetCfgHandler                             text132       0FBC6
_USBSuspend                                      text123       11FF6
_USBTicksSinceSuspendEnd                         bssBANK1      00183
_USBTransferOnePacket                            text115       0F33E
_USBWakeFromSuspend                              text122       11E92
_USB_CD_Ptr                                      mediumconst   09DEC
_USB_SD_Ptr                                      mediumconst   09DE4
_USER_USB_CALLBACK_EVENT_HANDLER                 text137       10DCE
_USTAT                                           (abs)         00F64
_USTATcopy                                       bssCOMRAM     0002C
__CFG_ADCSEL$BIT10                               (abs)         00000
__CFG_CFGPLLEN$ON                                (abs)         00000
__CFG_CLKOEC$OFF                                 (abs)         00000
__CFG_CP0$OFF                                    (abs)         00000
__CFG_CPUDIV$OSC1                                (abs)         00000
__CFG_DSBOREN$OFF                                (abs)         00000
__CFG_DSWDTEN$OFF                                (abs)         00000
__CFG_DSWDTOSC$T1OSCREF                          (abs)         00000
__CFG_DSWDTPS$8192                               (abs)         00000
__CFG_FCMEN$OFF                                  (abs)         00000
__CFG_IESO$ON                                    (abs)         00000
__CFG_IOL1WAY$OFF                                (abs)         00000
__CFG_LS48MHZ$SYS48X8                            (abs)         00000
__CFG_MSSP7B_EN$MSK7                             (abs)         00000
__CFG_OSC$HSPLL                                  (abs)         00000
__CFG_PLLDIV$2                                   (abs)         00000
__CFG_RTCOSC$T1OSCREF                            (abs)         00000
__CFG_SOSCSEL$HIGH                               (abs)         00000
__CFG_STVREN$ON                                  (abs)         00000
__CFG_WDTEN$ON                                   (abs)         00000
__CFG_WDTPS$512                                  (abs)         00000
__CFG_WPCFG$OFF                                  (abs)         00000
__CFG_WPDIS$OFF                                  (abs)         00000
__CFG_WPEND$PAGE_0                               (abs)         00000
__CFG_WPFP$PAGE_1                                (abs)         00000
__CFG_XINST$OFF                                  (abs)         00000
__HRAM                                           (abs)         00000
__Habs1                                          abs1          00000
__Hbank0                                         bank0         00000
__Hbank1                                         bank1         00000
__Hbank10                                        bank10        00000
__Hbank11                                        bank11        00000
__Hbank12                                        bank12        00000
__Hbank13                                        bank13        00000
__Hbank14                                        bank14        00000
__Hbank2                                         bank2         00000
__Hbank3                                         bank3         00000
__Hbank4                                         bank4         00000
__Hbank5                                         bank5         00000
__Hbank6                                         bank6         00000
__Hbank7                                         bank7         00000
__Hbank8                                         bank8         00000
__Hbank9                                         bank9         00000
__Hbigbss                                        bigbss        00000
__Hbigdata                                       bigdata       00000
__Hbigram                                        bigram        00000
__Hbss                                           bss           00000
__HbssBANK0                                      bssBANK0      00000
__HbssBANK1                                      bssBANK1      00000
__HbssBANK2                                      bssBANK2      00000
__HbssBIGRAMll                                   bssBIGRAMll   00000
__HbssCOMRAM                                     bssCOMRAM     00000
__Hcinit                                         cinit         00000
__Hclrtext                                       clrtext       00000
__Hcomram                                        comram        00000
__Hconfig                                        config        20000
__Hconst                                         const         00000
__HcstackBANK0                                   cstackBANK0   00000
__HcstackBANK2                                   cstackBANK2   00000
__HcstackCOMRAM                                  cstackCOMRAM  00000
__Hdata                                          data          00000
__HdataBANK1                                     dataBANK1     00000
__HdataBANK2                                     dataBANK2     00000
__Hfarbss                                        farbss        00000
__Hfardata                                       fardata       00000
__Hibigdata                                      ibigdata      00000
__Hidata                                         idata         00000
__HidataBANK1                                    idataBANK1    00000
__HidataBANK2                                    idataBANK2    00000
__Hidloc                                         idloc         00000
__Hifardata                                      ifardata      00000
__Hinit                                          init          09092
__Hintcode                                       intcode       0908E
__Hintcode_body                                  intcode_body  00000
__Hintcodelo                                     intcodelo     0908E
__Hintentry                                      intentry      00000
__Hintret                                        intret        00000
__Hintsave_regs                                  intsave_regs  00000
__Hirdata                                        irdata        00000
__Hjflash_buffer                                 jflash_buffer 1F800
__Hmediumconst                                   mediumconst   0A238
__HnvFARRAM                                      nvFARRAM      00000
__Hnvbit                                         nvbit         00000
__Hnvrram                                        nvrram        00000
__Hparam                                         rparam        00000
__Hpowerup                                       powerup       0908E
__Hram                                           ram           00000
__Hramtop                                        ramtop        00F00
__Hrbit                                          rbit          00000
__Hrbss                                          rbss          00000
__Hrdata                                         rdata         00000
__Hreset_vec                                     reset_vec     09004
__Hrparam                                        rparam        00000
__Hsfr                                           sfr           00000
__Hsmallconst                                    smallconst    00000
__Hspace_0                                       (abs)         20000
__Hspace_1                                       (abs)         00A00
__Hspace_2                                       (abs)         00000
__Hstack                                         stack         00000
__Hstruct                                        struct        00000
__Htemp                                          temp          0005C
__Htext                                          text          00000
__Htext0                                         text0         00000
__Htext1                                         text1         00000
__Htext10                                        text10        00000
__Htext100                                       text100       00000
__Htext101                                       text101       00000
__Htext102                                       text102       00000
__Htext103                                       text103       00000
__Htext104                                       text104       00000
__Htext105                                       text105       00000
__Htext106                                       text106       00000
__Htext107                                       text107       00000
__Htext108                                       text108       00000
__Htext109                                       text109       00000
__Htext11                                        text11        00000
__Htext110                                       text110       00000
__Htext111                                       text111       00000
__Htext112                                       text112       00000
__Htext113                                       text113       00000
__Htext114                                       text114       00000
__Htext115                                       text115       00000
__Htext117                                       text117       00000
__Htext118                                       text118       00000
__Htext119                                       text119       00000
__Htext12                                        text12        00000
__Htext120                                       text120       00000
__Htext121                                       text121       00000
__Htext122                                       text122       00000
__Htext123                                       text123       00000
__Htext124                                       text124       00000
__Htext125                                       text125       00000
__Htext126                                       text126       00000
__Htext127                                       text127       00000
__Htext128                                       text128       00000
__Htext129                                       text129       00000
__Htext13                                        text13        00000
__Htext130                                       text130       00000
__Htext131                                       text131       00000
__Htext132                                       text132       00000
__Htext133                                       text133       00000
__Htext134                                       text134       00000
__Htext135                                       text135       00000
__Htext136                                       text136       00000
__Htext137                                       text137       00000
__Htext138                                       text138       00000
__Htext139                                       text139       00000
__Htext14                                        text14        00000
__Htext140                                       text140       00000
__Htext141                                       text141       00000
__Htext142                                       text142       00000
__Htext143                                       text143       00000
__Htext144                                       text144       00000
__Htext145                                       text145       00000
__Htext146                                       text146       00000
__Htext147                                       text147       00000
__Htext148                                       text148       00000
__Htext149                                       text149       00000
__Htext15                                        text15        00000
__Htext150                                       text150       00000
__Htext151                                       text151       00000
__Htext152                                       text152       00000
__Htext153                                       text153       00000
__Htext154                                       text154       00000
__Htext155                                       text155       00000
__Htext156                                       text156       00000
__Htext157                                       text157       00000
__Htext16                                        text16        00000
__Htext17                                        text17        00000
__Htext18                                        text18        00000
__Htext19                                        text19        00000
__Htext2                                         text2         00000
__Htext20                                        text20        00000
__Htext21                                        text21        00000
__Htext22                                        text22        00000
__Htext23                                        text23        00000
__Htext24                                        text24        00000
__Htext25                                        text25        00000
__Htext26                                        text26        00000
__Htext27                                        text27        00000
__Htext28                                        text28        00000
__Htext29                                        text29        00000
__Htext3                                         text3         00000
__Htext30                                        text30        00000
__Htext31                                        text31        00000
__Htext32                                        text32        00000
__Htext33                                        text33        00000
__Htext34                                        text34        00000
__Htext35                                        text35        00000
__Htext36                                        text36        00000
__Htext37                                        text37        00000
__Htext38                                        text38        00000
__Htext39                                        text39        00000
__Htext4                                         text4         00000
__Htext40                                        text40        00000
__Htext41                                        text41        00000
__Htext42                                        text42        00000
__Htext43                                        text43        00000
__Htext44                                        text44        00000
__Htext45                                        text45        00000
__Htext46                                        text46        00000
__Htext47                                        text47        00000
__Htext48                                        text48        00000
__Htext49                                        text49        00000
__Htext5                                         text5         00000
__Htext50                                        text50        00000
__Htext51                                        text51        00000
__Htext52                                        text52        00000
__Htext53                                        text53        00000
__Htext54                                        text54        00000
__Htext55                                        text55        00000
__Htext56                                        text56        00000
__Htext57                                        text57        00000
__Htext58                                        text58        00000
__Htext59                                        text59        00000
__Htext6                                         text6         00000
__Htext60                                        text60        00000
__Htext61                                        text61        00000
__Htext62                                        text62        00000
__Htext63                                        text63        00000
__Htext64                                        text64        00000
__Htext65                                        text65        00000
__Htext66                                        text66        00000
__Htext67                                        text67        00000
__Htext68                                        text68        00000
__Htext69                                        text69        00000
__Htext7                                         text7         00000
__Htext70                                        text70        00000
__Htext71                                        text71        00000
__Htext72                                        text72        00000
__Htext73                                        text73        00000
__Htext74                                        text74        00000
__Htext75                                        text75        00000
__Htext76                                        text76        00000
__Htext77                                        text77        00000
__Htext78                                        text78        00000
__Htext79                                        text79        00000
__Htext8                                         text8         00000
__Htext80                                        text80        00000
__Htext81                                        text81        00000
__Htext82                                        text82        00000
__Htext83                                        text83        00000
__Htext84                                        text84        00000
__Htext85                                        text85        00000
__Htext86                                        text86        00000
__Htext87                                        text87        00000
__Htext88                                        text88        00000
__Htext89                                        text89        00000
__Htext9                                         text9         00000
__Htext90                                        text90        00000
__Htext91                                        text91        00000
__Htext92                                        text92        00000
__Htext93                                        text93        00000
__Htext94                                        text94        00000
__Htext95                                        text95        00000
__Htext96                                        text96        00000
__Htext97                                        text97        00000
__Htext98                                        text98        00000
__Htext99                                        text99        00000
__LRAM                                           (abs)         00001
__Labs1                                          abs1          00000
__Lbank0                                         bank0         00000
__Lbank1                                         bank1         00000
__Lbank10                                        bank10        00000
__Lbank11                                        bank11        00000
__Lbank12                                        bank12        00000
__Lbank13                                        bank13        00000
__Lbank14                                        bank14        00000
__Lbank2                                         bank2         00000
__Lbank3                                         bank3         00000
__Lbank4                                         bank4         00000
__Lbank5                                         bank5         00000
__Lbank6                                         bank6         00000
__Lbank7                                         bank7         00000
__Lbank8                                         bank8         00000
__Lbank9                                         bank9         00000
__Lbigbss                                        bigbss        00000
__Lbigdata                                       bigdata       00000
__Lbigram                                        bigram        00000
__Lbss                                           bss           00000
__LbssBANK0                                      bssBANK0      00000
__LbssBANK1                                      bssBANK1      00000
__LbssBANK2                                      bssBANK2      00000
__LbssBIGRAMll                                   bssBIGRAMll   00000
__LbssCOMRAM                                     bssCOMRAM     00000
__Lcinit                                         cinit         00000
__Lclrtext                                       clrtext       00000
__Lcomram                                        comram        00000
__Lconfig                                        config        1FFF8
__Lconst                                         const         00000
__LcstackBANK0                                   cstackBANK0   00000
__LcstackBANK2                                   cstackBANK2   00000
__LcstackCOMRAM                                  cstackCOMRAM  00000
__Ldata                                          data          00000
__LdataBANK1                                     dataBANK1     00000
__LdataBANK2                                     dataBANK2     00000
__Lfarbss                                        farbss        00000
__Lfardata                                       fardata       00000
__Libigdata                                      ibigdata      00000
__Lidata                                         idata         00000
__LidataBANK1                                    idataBANK1    00000
__LidataBANK2                                    idataBANK2    00000
__Lidloc                                         idloc         00000
__Lifardata                                      ifardata      00000
__Linit                                          init          0908E
__Lintcode                                       intcode       09008
__Lintcode_body                                  intcode_body  00000
__Lintcodelo                                     intcodelo     0908E
__Lintentry                                      intentry      00000
__Lintret                                        intret        00000
__Lintsave_regs                                  intsave_regs  00000
__Lirdata                                        irdata        00000
__Ljflash_buffer                                 jflash_buffer 1F800
__Lmediumconst                                   mediumconst   09092
__LnvFARRAM                                      nvFARRAM      00000
__Lnvbit                                         nvbit         00000
__Lnvrram                                        nvrram        00000
__Lparam                                         rparam        00000
__Lpowerup                                       powerup       0908E
__Lram                                           ram           00000
__Lramtop                                        ramtop        00F00
__Lrbit                                          rbit          00000
__Lrbss                                          rbss          00000
__Lrdata                                         rdata         00000
__Lreset_vec                                     reset_vec     09000
__Lrparam                                        rparam        00000
__Lsfr                                           sfr           00000
__Lsmallconst                                    smallconst    00000
__Lspace_0                                       (abs)         00000
__Lspace_1                                       (abs)         00000
__Lspace_2                                       (abs)         00000
__Lstack                                         stack         00000
__Lstruct                                        struct        00000
__Ltemp                                          temp          0005B
__Ltext                                          text          00000
__Ltext0                                         text0         00000
__Ltext1                                         text1         00000
__Ltext10                                        text10        00000
__Ltext100                                       text100       00000
__Ltext101                                       text101       00000
__Ltext102                                       text102       00000
__Ltext103                                       text103       00000
__Ltext104                                       text104       00000
__Ltext105                                       text105       00000
__Ltext106                                       text106       00000
__Ltext107                                       text107       00000
__Ltext108                                       text108       00000
__Ltext109                                       text109       00000
__Ltext11                                        text11        00000
__Ltext110                                       text110       00000
__Ltext111                                       text111       00000
__Ltext112                                       text112       00000
__Ltext113                                       text113       00000
__Ltext114                                       text114       00000
__Ltext115                                       text115       00000
__Ltext117                                       text117       00000
__Ltext118                                       text118       00000
__Ltext119                                       text119       00000
__Ltext12                                        text12        00000
__Ltext120                                       text120       00000
__Ltext121                                       text121       00000
__Ltext122                                       text122       00000
__Ltext123                                       text123       00000
__Ltext124                                       text124       00000
__Ltext125                                       text125       00000
__Ltext126                                       text126       00000
__Ltext127                                       text127       00000
__Ltext128                                       text128       00000
__Ltext129                                       text129       00000
__Ltext13                                        text13        00000
[...]
 Parameters:    Size  Location     Type
		None
 Auto vars:     Size  Location     Type
		None
 Return value:  Size  Location     Type
                  1    wreg      void 
 Registers used:
		wreg, fsr1l, fsr1h, fsr2l, fsr2h, status,2, status,0, prodl, prodh, cstack
 Tracked objects:
		On entry : 
		On exit  : 
		Unchanged: 
 Data sizes:     COMRAM   BANK0   BANK1   BANK2   BANK3   BANK4   BANK5   BANK8   BANK9  BANK10  BANK11  BANK12 BANK13h BANK13l  BANK14
      Params:         0       0       0       0       0       0       0       0       0       0       0       0       0       0       0
      Locals:         0       0       0       0       0       0       0       0       0       0       0       0       0       0       0
      Temps:          0       0       0       0       0       0       0       0       0       0       0       0       0       0       0
      Totals:         0       0       0       0       0       0       0       0       0       0       0       0       0       0       0
Total ram usage:        0 bytes
 Hardware stack levels used:    1
 Hardware stack levels required when called:    2
 This function calls:
		_USBCtrlTrfRxService
 This function is called by:
		_USBCtrlEPService
 This function uses a non-reentrant model


 *************** function _USBCtrlTrfRxService *****************
 Defined at:
		line 1854 in file "usb_device.c"
 Parameters:    Size  Location     Type
		None
 Auto vars:     Size  Location     Type
  byteToRead      1    1[COMRAM] unsigned char 
  i               1    0[COMRAM] unsigned char 
 Return value:  Size  Location     Type
                  1    wreg      void 
 Registers used:
		wreg, fsr1l, fsr1h, fsr2l, fsr2h, status,2, status,0, prodl, prodh, cstack
 Tracked objects:
		On entry : 
		On exit  : 
		Unchanged: 
 Data sizes:     COMRAM   BANK0   BANK1   BANK2   BANK3   BANK4   BANK5   BANK8   BANK9  BANK10  BANK11  BANK12 BANK13h BANK13l  BANK14
      Params:         0       0       0       0       0       0       0       0       0       0       0       0       0       0       0
      Locals:         2       0       0       0       0       0       0       0       0       0       0       0       0       0       0
      Temps:          0       0       0       0       0       0       0       0       0       0       0       0       0       0       0
      Totals:         2       0       0       0       0       0       0       0       0       0       0       0       0       0       0
Total ram usage:        2 bytes
 Hardware stack levels used:    1
 Hardware stack levels required when called:    1
 This function calls:
		_USBCtrlEPAllowStatusStage
 This function is called by:
		_USBCtrlTrfOutHandler
 This function uses a non-reentrant model


 *************** function _USBCtrlEPAllowStatusStage *****************
 Defined at:
		line 1418 in file "usb_device.c"
 Parameters:    Size  Location     Type
		None
 Auto vars:     Size  Location     Type
		None
 Return value:  Size  Location     Type
                  1    wreg      void 
 Registers used:
		wreg, fsr2l, fsr2h, status,2, status,0
 Tracked objects:
		On entry : 
		On exit  : 
		Unchanged: 
 Data sizes:     COMRAM   BANK0   BANK1   BANK2   BANK3   BANK4   BANK5   BANK8   BANK9  BANK10  BANK11  BANK12 BANK13h BANK13l  BANK14
      Params:         0       0       0       0       0       0       0       0       0       0       0       0       0       0       0
      Locals:         0       0       0       0       0       0       0       0       0       0       0       0       0       0       0
      Temps:          0       0       0       0       0       0       0       0       0       0       0       0       0       0       0
      Totals:         0       0       0       0       0       0       0       0       0       0       0       0       0       0       0
Total ram usage:        0 bytes
 Hardware stack levels used:    1
 This function calls:
		Nothing
 This function is called by:
		_USBDeviceTasks
		_USBCtrlEPServiceComplete
		_USBCtrlTrfRxService
 This function uses a non-reentrant model


 *************** function _USBCtrlTrfInHandler *****************
 Defined at:
		line 2594 in file "usb_device.c"
 Parameters:    Size  Location     Type
		None
 Auto vars:     Size  Location     Type
  lastDTS         1    1[COMRAM] unsigned char 
 Return value:  Size  Location     Type
                  1    wreg      void 
 Registers used:
		wreg, fsr0l, fsr0h, fsr2l, fsr2h, status,2, status,0, tblptrl, tblptrh, tblptru, cstack
 Tracked objects:
		On entry : 
		On exit  : 
		Unchanged: 
 Data sizes:     COMRAM   BANK0   BANK1   BANK2   BANK3   BANK4   BANK5   BANK8   BANK9  BANK10  BANK11  BANK12 BANK13h BANK13l  BANK14
      Params:         0       0       0       0       0       0       0       0       0       0       0       0       0       0       0
      Locals:         1       0       0       0       0       0       0       0       0       0       0       0       0       0       0
      Temps:          0       0       0       0       0       0       0       0       0       0       0       0       0       0       0
      Totals:         1       0       0       0       0       0       0       0       0       0       0       0       0       0       0
Total ram usage:        1 bytes
 Hardware stack levels used:    1
 Hardware stack levels required when called:    1
 This function calls:
		_USBCtrlTrfTxService
 This function is called by:
		_USBCtrlEPService
 This function uses a non-reentrant model


 *************** function _USBCtrlTrfTxService *****************
 Defined at:
		line 1773 in file "usb_device.c"
 Parameters:    Size  Location     Type
		None
 Auto vars:     Size  Location     Type
  byteToSend      1    0[COMRAM] unsigned char 
 Return value:  Size  Location     Type
                  1    wreg      void 
 Registers used:
		wreg, fsr0l, fsr0h, fsr2l, fsr2h, status,2, status,0, tblptrl, tblptrh, tblptru
 Tracked objects:
		On entry : 
		On exit  : 
		Unchanged: 
 Data sizes:     COMRAM   BANK0   BANK1   BANK2   BANK3   BANK4   BANK5   BANK8   BANK9  BANK10  BANK11  BANK12 BANK13h BANK13l  BANK14
      Params:         0       0       0       0       0       0       0       0       0       0       0       0       0       0       0
      Locals:         1       0       0       0       0       0       0       0       0       0       0       0       0       0       0
      Temps:          0       0       0       0       0       0       0       0       0       0       0       0       0       0       0
      Totals:         1       0       0       0       0       0       0       0       0       0       0       0       0       0       0
Total ram usage:        1 bytes
 Hardware stack levels used:    1
 This function calls:
		Nothing
 This function is called by:
		_USBCtrlEPAllowDataStage
		_USBCtrlTrfInHandler
 This function uses a non-reentrant model



MODULE INFORMATION

Module		Function		Class		Link	Load	Size
usb_device_hid.c
		_USBCheckHIDRequest		CODE           	FE4A	0000	209

usb_device_hid.c estimated size: 209

C:\Program Files (x86)\Microchip\xc8\v2.00\pic\sources\c90\common\lwmod.c
		___lwmod       		CODE           	11C32	0000	69

C:\Program Files (x86)\Microchip\xc8\v2.00\pic\sources\c90\common\lwmod.c estimated size: 69

C:\Program Files (x86)\Microchip\xc8\v2.00\pic\sources\c90\common\sprcmul.c
		___flmul       		CODE           	C7EA	0000	851

C:\Program Files (x86)\Microchip\xc8\v2.00\pic\sources\c90\common\sprcmul.c estimated size: 851

C:\Program Files (x86)\Microchip\xc8\v2.00\pic\sources\c90\common\memcpy.c
		_memcpy        		CODE           	114C6	0000	97

C:\Program Files (x86)\Microchip\xc8\v2.00\pic\sources\c90\common\memcpy.c estimated size: 97

C:\Program Files (x86)\Microchip\xc8\v2.00\pic\sources\c90\common\sprcdiv.c
		___fldiv       		CODE           	CE18	0000	699

C:\Program Files (x86)\Microchip\xc8\v2.00\pic\sources\c90\common\sprcdiv.c estimated size: 699

i2c.c
		_i2c_display_write_fixed		CODE           	1184A	0000	85
		__ic2_display_set_ddram_address		CODE           	121A2	0000	37
		__ic2_display_set_cgram_address		CODE           	120DA	0000	43
		__i2c_wait_idle		CODE           	1133C	0000	101
		_i2c_display_init		CODE           	11998	0000	81
		__i2c_send     		CODE           	1235E	0000	11
		_i2c_display_program_custom_character		CODE           	10E54	0000	125
		__i2c_stop     		CODE           	12368	0000	9
		__i2c_write    		CODE           	119E8	0000	81
		__i2c_start    		CODE           	12370	0000	9
		__i2c_eeprom_busy		CODE           	12156	0000	41
		_i2c_init      		CODE           	1226C	0000	29
		_i2c_display_cursor		CODE           	121EA	0000	35
		_i2c_eeprom_writeByte		CODE           	11B64	0000	71

i2c.c estimated size: 758

app_device_msd.c
		_APP_DeviceMSDInitialize		CODE           	12308	0000	17
		_APP_DeviceMSDTasks		CODE           	122E6	0000	19

app_device_msd.c estimated size: 36

C:\Program Files (x86)\Microchip\xc8\v2.00\pic\sources\c90\common\itoa.c
		_itoa          		CODE           	11BEE	0000	69
		_utoa          		CODE           	10736	0000	171

C:\Program Files (x86)\Microchip\xc8\v2.00\pic\sources\c90\common\itoa.c estimated size: 240

api.c
		__fill_buffer_get_status		CODE           	1103C	0000	117
		_api_prepare   		CODE           	FAE8	0000	223
		_api_parse     		CODE           	EBB6	0000	299
		__fill_buffer_get_bootloader_details		CODE           	11FC6	0000	49
		__parse_command_long		CODE           	11D38	0000	63
		__parse_format_drive		CODE           	10688	0000	175
		__fill_buffer_get_display		CODE           	103C2	0000	185
		__parse_command_short		CODE           	112D6	0000	103

api.c estimated size: 1214

C:\Program Files (x86)\Microchip\xc8\v2.00\pic\sources\c90\common\almod.c
		___almod       		CODE           	105DA	0000	175

C:\Program Files (x86)\Microchip\xc8\v2.00\pic\sources\c90\common\almod.c estimated size: 175

C:\Program Files (x86)\Microchip\xc8\v2.00\pic\sources\c90\common\lwdiv.c
		___lwdiv       		CODE           	1189E	0000	85

C:\Program Files (x86)\Microchip\xc8\v2.00\pic\sources\c90\common\lwdiv.c estimated size: 85

motor.c
		_motor_items_in_cue		CODE           	12326	0000	13
		_motor_nonzero_steps_from_degrees		CODE           	11A88	0000	77
		_motor_schedule_command		CODE           	10888	0000	163
		_motor_stop    		CODE           	11B1E	0000	71
		_motor_isr     		CODE           	BE5E	0000	1475
		_motor_init    		CODE           	1224E	0000	31
		_motor_process_cue		CODE           	10FC6	0000	119
		__motor_run    		CODE           	DC54	0000	507
		_motor_change_speed		CODE           	1234A	0000	11
		_motor_steps_from_degrees		CODE           	100B8	0000	203
		__motor_get_speed_in_degrees		CODE           	E81E	0000	315
		_motor_speed_from_index		CODE           	122BC	0000	23

motor.c estimated size: 3008

C:\Program Files (x86)\Microchip\xc8\v2.00\pic\sources\c90\common\fltol.c
		___fltol       		CODE           	FA0A	0000	223

C:\Program Files (x86)\Microchip\xc8\v2.00\pic\sources\c90\common\fltol.c estimated size: 223

C:\Program Files (x86)\Microchip\xc8\v2.00\pic\sources\c90\common\Umul32.c
		___lmul        		CODE           	116EC	0000	89

C:\Program Files (x86)\Microchip\xc8\v2.00\pic\sources\c90\common\Umul32.c estimated size: 89

spi.c
		_spi_init      		CODE           	11CBA	0000	65
		__spi_init     		CODE           	11DEC	0000	57
		_spi_tx        		CODE           	11692	0000	91
		_spi_tx_rx     		CODE           	109C6	0000	153
		_spi_tx_tx     		CODE           	10C20	0000	145

spi.c estimated size: 511

app_device_custom_hid.c
		_APP_DeviceCustomHIDTasks		CODE           	107E0	0000	169
		_APP_DeviceCustomHIDInitialize		CODE           	11F30	0000	53

app_device_custom_hid.c estimated size: 222

shared
		_dc_setup1     		MEDIUMCONST    	A01E	0000	81
		_dc_setup2     		MEDIUMCONST    	9FCE	0000	81
		i2_USBStallEndpoint		CODE           	F444	0000	263
		_motor_postscaler_lookup		MEDIUMCONST    	982F	0000	488
		_configDescriptor1		MEDIUMCONST    	A0BE	0000	65
		_inq_resp      		MEDIUMCONST    	A160	0000	37
		_USB_CD_Ptr    		MEDIUMCONST    	9DEC	0000	3
		_dc_arc1       		MEDIUMCONST    	9EDE	0000	81
		_sd001         		MEDIUMCONST    	A0FE	0000	53
		i2_ExternalFlash_MediaDetect		CODE           	12384	0000	5
		_motor_period_lookup		MEDIUMCONST    	9A16	0000	488
		_dc_main       		MEDIUMCONST    	A06E	0000	81
		_bit_pattern_ae		MEDIUMCONST    	A1CD	0000	9
		_sd002         		MEDIUMCONST    	A132	0000	47
		i2_USBDeviceInit		CODE           	E59C	0000	325
		i2_ResetSenseData		CODE           	11464	0000	99
		_motor_speed_lookup		MEDIUMCONST    	9093	0000	975
		_bit_pattern_degree		MEDIUMCONST    	A1D5	0000	9
		_motor_steps_lookup		MEDIUMCONST    	9461	0000	975
		_sd003         		MEDIUMCONST    	A1A1	0000	27
		__initialization		CODE           	10D40	0000	133
		_bit_pattern_verticalbar		MEDIUMCONST    	A1DD	0000	9
		_device_dsc    		MEDIUMCONST    	A1BB	0000	19
		i2_ExternalFlash_MediaInitialize		CODE           	122A2	0000	27
		_flash_command_pagesize_512		MEDIUMCONST    	A1E9	0000	5
		_flash_command_pagesize_528		MEDIUMCONST    	A1E5	0000	5
		_dc_manual     		MEDIUMCONST    	9DEE	0000	81
		_dc_arc2       		MEDIUMCONST    	9E8E	0000	81
		_motor_prescaler_lookup		MEDIUMCONST    	9BFD	0000	488
		i2_SYSTEM_Initialize		CODE           	118F2	0000	85
		_dc_zero       		MEDIUMCONST    	9E3E	0000	81
		_USB_SD_Ptr    		MEDIUMCONST    	9DE4	0000	9
		_dc_divide1    		MEDIUMCONST    	9F7E	0000	81
		_dc_divide2    		MEDIUMCONST    	9F2E	0000	81
		_hid_rpt01     		MEDIUMCONST    	A184	0000	30
		i2_memset      		CODE           	120AE	0000	45
		_sd000         		MEDIUMCONST    	A1ED	0000	5
		i2_memcpy      		CODE           	11526	0000	93
		i2_USBTransferOnePacket		CODE           	F54A	0000	259

shared estimated size: 5809

flash.c
		__flash_wakeup 		CODE           	11744	0000	89
		_flash_init    		CODE           	12318	0000	15
		_flash_sector_read		CODE           	1212E	0000	41
		__flash_is_busy		CODE           	121C6	0000	37
		_flash_is_busy 		CODE           	1233E	0000	13
		__flash_write_to_buffer		CODE           	11946	0000	83
		__flash_get_status		CODE           	11EFC	0000	53
		__flash_set_page_size		CODE           	11190	0000	111
		__flash_write_page_from_buffer		CODE           	11638	0000	91
		__flash_compare_page_to_buffer		CODE           	10ED0	0000	125
		__flash_partial_read		CODE           	10F4C	0000	123
		_flash_sector_write		CODE           	11A38	0000	81

flash.c estimated size: 862

C:\Program Files (x86)\Microchip\xc8\v2.00\pic\sources\c90\common\xxtofl.c
		___xxtofl      		CODE           	E314	0000	325

C:\Program Files (x86)\Microchip\xc8\v2.00\pic\sources\c90\common\xxtofl.c estimated size: 325

os.c
		_system_init   		CODE           	F842	0000	231
		_reboot        		CODE           	12388	0000	3
		_tmr0_isr      		CODE           	11DB2	0000	59
		__backlight_init		CODE           	12378	0000	5
		__system_pin_setup		CODE           	1126C	0000	107
		__system_timer0_init		CODE           	12082	0000	45

os.c estimated size: 450

usb_device.c
		_USBCtrlTrfInHandler		CODE           	10304	0000	191
		_USBTransferOnePacket		CODE           	F33E	0000	263
		_USBDeviceAttach		CODE           	11F64	0000	51
		_USBStdGetDscHandler		CODE           	EA8A	0000	301
		_USBCtrlEPAllowDataStage		CODE           	10A5E	0000	153
		_USBStdFeatureReqHandler		CODE           	D0D2	0000	633
		_USBCtrlEPAllowStatusStage		CODE           	10182	0000	197
		_USBCtrlTrfSetupHandler		CODE           	10CB0	0000	145
		_USBCtrlTrfOutHandler		CODE           	11582	0000	93
		_USBCtrlEPServiceComplete		CODE           	F748	0000	251
		_USBSuspend    		CODE           	11FF6	0000	49
		_USBStdSetCfgHandler		CODE           	FBC6	0000	221
		_USBStdGetStatusHandler		CODE           	1092A	0000	157
		_USBWakeFromSuspend		CODE           	11E92	0000	55
		_USBStallEndpoint		CODE           	F234	0000	267
		_USBCtrlTrfRxService		CODE           	F128	0000	269
		_USBCtrlTrfTxService		CODE           	FF1A	0000	209
		_USBEnableEndpoint		CODE           	11D76	0000	61
		_USBConfigureEndpoint		CODE           	10B8C	0000	149
		_USBDeviceInit 		CODE           	E1CA	0000	331
		_USBIncrement1msInternalTimers		CODE           	1222E	0000	33
		_USBCtrlEPService		CODE           	10AF6	0000	151
		_USBStallHandler		CODE           	11C76	0000	69
		_USBDeviceTasks		CODE           	E458	0000	325
		_USBCheckStdRequest		CODE           	FCA2	0000	217

usb_device.c estimated size: 4841

C:\Program Files (x86)\Microchip\xc8\v2.00\pic\sources\c90\common\strlen.c
		_strlen        		CODE           	11CFA	0000	63

C:\Program Files (x86)\Microchip\xc8\v2.00\pic\sources\c90\common\strlen.c estimated size: 63

display.c
		__display_clear		CODE           	11AD4	0000	75
		_display_init  		CODE           	11E5C	0000	55
		__display_itoa_long		CODE           	EF0C	0000	271
		_display_update		CODE           	11E24	0000	57
		__display_padded_itoa		CODE           	F928	0000	227
		__display_signed_itoa		CODE           	11BAA	0000	69
		_display_prepare		CODE           	B216	0000	3145
		_display_get_character		CODE           	12054	0000	47
		__display_itoa 		CODE           	D818	0000	549

display.c estimated size: 4495

usb_events.c
		_USER_USB_CALLBACK_EVENT_HANDLER		CODE           	10DCE	0000	135

usb_events.c estimated size: 135

C:\Program Files (x86)\Microchip\xc8\v2.00\pic\sources\c90\common\aldiv.c
		___aldiv       		CODE           	FFEA	0000	207

C:\Program Files (x86)\Microchip\xc8\v2.00\pic\sources\c90\common\aldiv.c estimated size: 207

encoder.c
		_encoder_next_arc_step_size		CODE           	11120	0000	113
		_encoder_next_setup_stepsize		CODE           	110B0	0000	113
		_encoder_statemachine		CODE           	A238	0000	4063
		_encoder_run   		CODE           	EDFC	0000	273
		_encoder_init  		CODE           	1217E	0000	37
		_encoder_next_divide_step_size		CODE           	12026	0000	47

encoder.c estimated size: 4646

C:\Program Files (x86)\Microchip\xc8\v2.00\pic\sources\c90\common\memset.c
		_memset        		CODE           	11F96	0000	49

C:\Program Files (x86)\Microchip\xc8\v2.00\pic\sources\c90\common\memset.c estimated size: 49

main.c
		_main          		CODE           	E6E0	0000	319

main.c estimated size: 319

fat16.c
		__get_data     		CODE           	12104	0000	43
		__get_fbr      		CODE           	D34A	0000	629
		_fat_init      		CODE           	122F8	0000	17
		__get_root     		CODE           	E032	0000	409
		_fat_format    		CODE           	DA3C	0000	537
		__get_fat      		CODE           	1179C	0000	89
		__get_mbr      		CODE           	FD7A	0000	209
		_fat_get_format_status		CODE           	1052C	0000	175

fat16.c estimated size: 2108

external_flash.c
		_ExternalFlash_MediaInitialize		CODE           	1220C	0000	35
		_ExternalFlash_WriteProtectStateGet		CODE           	1237C	0000	5
		_ExternalFlash_MediaDetect		CODE           	12354	0000	11
		_ExternalFlash_CapacityRead		CODE           	122D2	0000	21
		_ExternalFlash_SectorSizeRead		CODE           	12332	0000	13
		_ExternalFlash_SectorWrite		CODE           	12380	0000	5
		_ExternalFlash_SectorRead		CODE           	11EC8	0000	53

external_flash.c estimated size: 143

system.c
		_SYS_InterruptHigh		CODE           	9008	0000	135
		_SYSTEM_Initialize		CODE           	115DE	0000	91

system.c estimated size: 226

usb_device_msd.c
		_ResetSenseData		CODE           	11402	0000	99
		_USBMSDInit    		CODE           	F01A	0000	271
		_MSDWriteHandler		CODE           	CB3C	0000	733
		_MSDErrorHandler		CODE           	ECE0	0000	285
		_MSDProcessCommandMediaAbsent		CODE           	113A0	0000	99
		_MSDComputeDeviceInAndResidue		CODE           	1047A	0000	179
		_MSDReadHandler		CODE           	DE4E	0000	485
		_MSDCheckForErrorCases		CODE           	F64C	0000	253
		_MSDProcessCommand		CODE           	E958	0000	307
		_MSDTasks      		CODE           	D5BE	0000	603
		_MSDTransferTerminated		CODE           	117F4	0000	87
		_MSDProcessCommandMediaPresent		CODE           	C420	0000	971
		_USBCheckMSDRequest		CODE           	10246	0000	191

usb_device_msd.c estimated size: 4563

