Microchip MPLAB XC8 Compiler V2.00 ()

Linker command line:

-W-3 --edf=C:\Program Files (x86)\Microchip\xc8\v2.00\pic\dat\en_msgs.txt \
  -cs -h+dist/default/production\StepperMotorController_RevB.production.sym \
  --cmf=dist/default/production\StepperMotorController_RevB.production.cmf \
  -z -Q18F47J53 -oC:\Users\luke\AppData\Local\Temp\stak.2 \
  --defsym=__MPLAB_BUILD=1 \
  -Mdist/default/production/StepperMotorController_RevB.production.map -E1 \
  -ver=XC8 --acfsm=1493 -ASTACK=0450h-05ffh -pstack=STACK \
  -ACODE=09000h-01FFF7h -ACONST=09000h-01FFF7h \
  -ASMALLCONST=09000h-090FFhx367,01FF00h-01FFF7h \
  -AMEDIUMCONST=09000h-0FFFFh,010F00h-01FFF7h -ACOMRAM=01h-05Fh \
  -AABS1=00h-0EAFh -ABIGRAM=01h-0EAFh \
  -ARAM=060h-0FFh,0100h-01FFhx13,0E00h-0EAFh -ABANK0=060h-0FFh \
  -ABANK1=0100h-01FFh -ABANK2=0200h-02FFh -ABANK3=0300h-03FFh \
  -ABANK4=0400h-04FFh -ABANK5=0500h-05FFh -ABANK6=0600h-06FFh \
  -ABANK7=0700h-07FFh -ABANK8=0800h-08FFh -ABANK9=0900h-09FFh \
  -ABANK10=0A00h-0AFFh -ABANK11=0B00h-0BFFh -ABANK12=0C00h-0CFFh \
  -ABANK13=0D00h-0DFFh -ABANK14=0E00h-0EAFh \
  -ASFR=0EB0h-0EFFh,0F00h-0F5Fh,0F60h-0FFFh \
  -preset_vec=09000h,intcode=09008h,intcodelo,powerup,init -pramtop=0F00h \
  -psmallconst=SMALLCONST -pmediumconst=MEDIUMCONST -pconst=CONST \
  -AFARRAM=00h-00h -ACONFIG=01FFF8h-01FFFFh -pconfig=CONFIG \
  -pjflash_buffer=01F800h \
  -prdata=COMRAM,nvrram=COMRAM,nvbit=COMRAM,rbss=COMRAM,rbit=COMRAM \
  -pfarbss=FARRAM,fardata=FARRAM,nvFARRAM=FARRAM \
  -pintsave_regs=BIGRAM,bigbss=BIGRAM,bigdata=BIGRAM -pbss=RAM \
  -pidata=CODE,irdata=CODE,ibigdata=CODE,ifardata=CODE -prparam=COMRAM \
  C:\Users\luke\AppData\Local\Temp\stak.o \
  dist/default/production\StepperMotorController_RevB.production.o 

Object code version is 3.11

Machine type is 18F47J53

Call graph: (short form)




                Name                               Link     Load   Length Selector   Space Scale
C:\Users\luke\AppData\Local\Temp\stak.o
                init                               908E     908E        4     4804       0
                reset_vec                          9000     9000        4     4800       0
                config                            1FFF8    1FFF8        8    1FFF8       0
dist/default/production\StepperMotorController_RevB.production.o
                intcode                            9008     9008       86     4804       0
                temp                                 5F       5F        1        1       1
                mediumconst                        9092     9092     1312     4849       0
                text249                           12D38    12D38       D0     51D2       0
                text248                           13070    13070       CA     51D2       0
                text247                           12FA4    12FA4       CC     51D2       0
                text246                           11412    11412      10E     51D2       0
                text245                           14EC4    14EC4       62     51D2       0
                text244                           1402A    1402A       94     51D2       0
                text243                           15BF6    15BF6       3C     AC1B       0
                text242                           11938    11938      102     51D2       0
                text241                           15E20    15E20       34     AC1B       0
                text240                           164BA    164BA        4     AC1B       0
                text239                           16366    16366       1A     AC1B       0
                text238                           14E62    14E62       62     51D2       0
                text237                           11304    11304      10E     51D2       0
                text236                           163F4    163F4       10     AC1B       0
                text235                           11730    11730      106     51D2       0
                text234                           15410    15410       56     51D2       0
                text233                           12654    12654       E2     51D2       0
                text232                           1313A    1313A       C2     51D2       0
                text231                           15562    15562       54     51D2       0
                text230                           14386    14386       86     51D2       0
                text229                            D560     D560      284     51D2       0
                text228                           10666    10666      140     51D2       0
                text227                           13842    13842       AA     51D2       0
                text226                           1602A    1602A       2C     AC1B       0
                text225                           12816    12816       E0     51D2       0
                text224                           12572    12572       E2     51D2       0
                text223                           13A3A    13A3A       A2     51D2       0
                text222                           11836    11836      102     51D2       0
                text221                           13F96    13F96       94     51D2       0
                text220                           14FE4    14FE4       5C     51D2       0
                text219                           13D40    13D40       98     51D2       0
                text218                           162D8    162D8       20     AC1B       0
                text217                           15AB8    15AB8       44     AC1B       0
                text216                           15F16    15F16       30     AC1B       0
                text215                           15D16    15D16       38     AC1B       0
                text214                           103DC    103DC      146     51D2       0
                text213                           10296    10296      146     51D2       0
                text212                           164AA    164AA        8     AC1B       0
                text211                           164A2    164A2        8     AC1B       0
                text210                           1649A    1649A        8     AC1B       0
                text209                           15362    15362       58     51D2       0
                text208                           1619A    1619A       26     AC1B       0
                text207                           1595E    1595E       48     AC1B       0
                text206                           14514    14514       82     51D2       0
                text205                           14272    14272       8E     51D2       0
                text204                            B072     B072      5EC     51D2       0
                text203                           11E2C    11E2C       F4     51D2       0
                text202                           15C6C    15C6C       3A     AC1B       0
                text200                           1162A    1162A      106     51D2       0
                text199                           1530A    1530A       58     51D2       0
                text198                           1014E    1014E      148     51D2       0
                text197                           16442    16442        C     AC1B       0
                text196                           1200C    1200C       EC     51D2       0
                text195                            EEFA     EEFA      1D0     51D2       0
                text194                           15FD0    15FD0       2E     AC1B       0
                text193                            FEB0     FEB0      152     51D2       0
                text192                            FD5E     FD5E      152     51D2       0
                text191                           16480    16480        A     AC1B       0
                text190                           148F8    148F8       78     51D2       0
                text189                           14490    14490       84     51D2       0
                text188                           14300    14300       86     51D2       0
                text187                           16476    16476        A     AC1B       0
                text186                           16492    16492        8     AC1B       0
                text185                           1648A    1648A        8     AC1B       0
                text184                           14D3A    14D3A       64     51D2       0
                text183                           1614C    1614C       28     AC1B       0
                text182                           15798    15798       50     51D2       0
                text181                           159A6    159A6       46     AC1B       0
                text180                           16436    16436        C     AC1B       0
                text179                           12736    12736       E0     51D2       0
                text178                            F76E     F76E      196     51D2       0
                text177                           13B76    13B76       9A     51D2       0
                text176                           15FA2    15FA2       2E     AC1B       0
                text175                           13798    13798       AA     51D2       0
                text174                           15BBA    15BBA       3C     AC1B       0
                text173                           15748    15748       50     51D2       0
                text172                           164BE    164BE        2     AC1B       0
                text171                            F5D6     F5D6      198     51D2       0
                text170                           10B50    10B50      12A     51D2       0
                text169                           15F74    15F74       2E     AC1B       0
                text168                           13374    13374       B8     51D2       0
                text167                            F284     F284      1AE     51D2       0
                text166                           14F26    14F26       60     51D2       0
                text165                            E33C     E33C      224     51D2       0
                text164                           12AB2    12AB2       DE     51D2       0
                text163                           138EC    138EC       A8     51D2       0
                text162                           1646C    1646C        A     AC1B       0
                text161                           162B6    162B6       22     AC1B       0
                text160                           163AE    163AE       14     AC1B       0
                text159                           1642A    1642A        C     AC1B       0
                text158                           131FC    131FC       C0     51D2       0
                text157                           13CA8    13CA8       98     51D2       0
                text156                           15DEC    15DEC       34     AC1B       0
                text155                           151A8    151A8       5A     51D2       0
                text154                           152B2    152B2       58     51D2       0
                text153                           1622C    1622C       24     AC1B       0
                text152                           1487E    1487E       7A     51D2       0
                text151                           16124    16124       28     AC1B       0
                text150                           15DB8    15DB8       34     AC1B       0
                text149                           14E00    14E00       62     51D2       0
                text148                           11520    11520      10A     51D2       0
                text147                           10EB6    10EB6      11A     51D2       0
                text146                           10FD0    10FD0      116     51D2       0
                text145                            E95E     E95E      1EA     51D2       0
                text144                           1470E    1470E       7C     51D2       0
                text143                           1514E    1514E       5A     51D2       0
                text142                           141E2    141E2       90     51D2       0
                text141                           155B6    155B6       52     51D2       0
                text140                           156F8    156F8       50     51D2       0
                text139                           15D84    15D84       34     AC1B       0
                text138                           164B6    164B6        4     AC1B       0
                text137                            CCE4     CCE4      2EC     51D2       0
                text136                            BEB0     BEB0      3EE     51D2       0
                text135                           14D9E    14D9E       62     51D2       0
                text134                           10A1C    10A1C      134     51D2       0
                text133                            DA58     DA58      266     51D2       0
                text132                           163C2    163C2       12     AC1B       0
                text131                           150F4    150F4       5A     51D2       0
                text130                           15E54    15E54       32     AC1B       0
                text129                           15EE6    15EE6       30     AC1B       0
                text128                           10002    10002      14C     51D2       0
                text127                            C9A8     C9A8      33C     51D2       0
                text126                            C656     C656      352     51D2       0
                text125                           15EB6    15EB6       30     AC1B       0
                text124                           129D4    129D4       DE     51D2       0
                text123                           10522    10522      144     51D2       0
                text122                            EB48     EB48      1DE     51D2       0
                text121                           158CC    158CC       4A     AC1B       0
                text120                           12ED6    12ED6       CE     51D2       0
                text119                           13640    13640       AE     51D2       0
                text118                           1550E    1550E       54     51D2       0
                text117                           15A74    15A74       44     AC1B       0
                text116                           136EE    136EE       AA     51D2       0
                text115                           15A30    15A30       44     AC1B       0
                text114                           15B7C    15B7C       3E     AC1B       0
                text113                            E118     E118      224     51D2       0
                text112                           111F6    111F6      10E     51D2       0
                text111                           156A8    156A8       50     51D2       0
                text110                           12490    12490       E2     51D2       0
                text109                           159EC    159EC       44     AC1B       0
                text108                            D2A6     D2A6      2BA     51D2       0
                text107                           108E2    108E2      13A     51D2       0
                text106                           16398    16398       16     AC1B       0
                text105                            A3A4     A3A4      CCE     51D2       0
                text104                           149E0    149E0       70     51D2       0
                text103                           123AC    123AC       E4     51D2       0
                text102                            E560     E560      20E     51D2       0
                text101                           14ABE    14ABE       6E     51D2       0
                text100                           15B3C    15B3C       40     AC1B       0
                text99                            15F46    15F46       2E     AC1B       0
                text98                            11F20    11F20       EC     51D2       0
                text97                            132BC    132BC       B8     51D2       0
                text96                             FC02     FC02      15C     51D2       0
                text95                            110E6    110E6      110     51D2       0
                text94                             C29E     C29E      3B8     51D2       0
                text93                            16294    16294       22     AC1B       0
                text92                            16208    16208       24     AC1B       0
                text91                            122C6    122C6       E6     51D2       0
                text90                            14970    14970       70     51D2       0
                text89                            10D9C    10D9C      11A     51D2       0
                text88                            15882    15882       4A     AC1B       0
                text87                             E76E     E76E      1F0     51D2       0
                text86                            14CD6    14CD6       64     51D2       0
                text85                            13F02    13F02       94     51D2       0
                text84                             ED26     ED26      1D4     51D2       0
                text83                            13ADC    13ADC       9A     51D2       0
                text82                            164B2    164B2        4     AC1B       0
                text81                            14C04    14C04       6A     51D2       0
                text80                            15FFE    15FFE       2C     AC1B       0
                text79                            1525A    1525A       58     51D2       0
                text78                             F904     F904      18A     51D2       0
                text77                            10C7A    10C7A      122     51D2       0
                text76                             F0CA     F0CA      1BA     51D2       0
                text75                            160FC    160FC       28     AC1B       0
                text74                            16272    16272       22     AC1B       0
                text73                            12B90    12B90       D8     51D2       0
                text72                            11C36    11C36       FC     51D2       0
                text71                            16380    16380       18     AC1B       0
                text70                            1509A    1509A       5A     51D2       0
                text69                             B65E     B65E      42C     51D2       0
                text68                            14596    14596       80     51D2       0
                text67                            120F8    120F8       E8     51D2       0
                text66                            160AA    160AA       2A     AC1B       0
                text65                            15E86    15E86       30     AC1B       0
                text64                            16174    16174       26     AC1B       0
                text63                            14B98    14B98       6C     51D2       0
                text62                            14804    14804       7A     51D2       0
                text61                            1478A    1478A       7A     51D2       0
                text60                            163E4    163E4       10     AC1B       0
                text59                            1634C    1634C       1A     AC1B       0
                text58                            16332    16332       1A     AC1B       0
                text57                            15202    15202       58     51D2       0
                text56                            15916    15916       48     AC1B       0
                text55                            13994    13994       A6     51D2       0
                text54                             DEF2     DEF2      226     51D2       0
                text53                            121E0    121E0       E6     51D2       0
                text52                             F432     F432      1A4     51D2       0
                text51                            14692    14692       7C     51D2       0
                text50                            1440C    1440C       84     51D2       0
                text49                            14C6E    14C6E       68     51D2       0
                text48                            11B38    11B38       FE     51D2       0
                text47                            154BA    154BA       54     51D2       0
                text46                            11D32    11D32       FA     51D2       0
                text45                            16080    16080       2A     AC1B       0
                text44                            1641E    1641E        C     AC1B       0
                text43                            16412    16412        C     AC1B       0
                text42                            160D4    160D4       28     AC1B       0
                text41                            14F86    14F86       5E     51D2       0
                text40                            12E08    12E08       CE     51D2       0
                text39                            15D4E    15D4E       36     AC1B       0
                text38                             CFD0     CFD0      2D6     51D2       0
                text37                            15040    15040       5A     51D2       0
                text36                            14B2C    14B2C       6C     51D2       0
                text35                            15836    15836       4C     AC1B       0
                text34                            107A6    107A6      13C     51D2       0
                text33                             DCBE     DCBE      234     51D2       0
                text32                            11A3A    11A3A       FE     51D2       0
                text31                             BA8A     BA8A      426     51D2       0
                text30                            1342C    1342C       B4     51D2       0
                text29                            134E0    134E0       B2     51D2       0
                text28                            15658    15658       50     51D2       0
                text27                            16056    16056       2A     AC1B       0
                text26                            14616    14616       7C     51D2       0
                text25                            15C32    15C32       3A     AC1B       0
                text24                            161E4    161E4       24     AC1B       0
                text23                            16250    16250       22     AC1B       0
                text22                            15466    15466       54     51D2       0
                text21                            15CDE    15CDE       38     AC1B       0
                text20                            161C0    161C0       24     AC1B       0
                text19                             D7E4     D7E4      274     51D2       0
                text18                            12C68    12C68       D0     51D2       0
                text17                            13592    13592       AE     51D2       0
                text16                            14150    14150       92     51D2       0
                text15                            163D4    163D4       10     AC1B       0
                text14                            14A50    14A50       6E     51D2       0
                text13                            15CA6    15CA6       38     AC1B       0
                text12                            15AFC    15AFC       40     AC1B       0
                text11                            16404    16404        E     AC1B       0
                text10                            16462    16462        A     AC1B       0
                text9                             16458    16458        A     AC1B       0
                text8                             1644E    1644E        A     AC1B       0
                text7                             13E6E    13E6E       94     51D2       0
                text6                             153BA    153BA       56     51D2       0
                text5                             13C10    13C10       98     51D2       0
                text4                             16316    16316       1C     AC1B       0
                text3                             128F6    128F6       DE     51D2       0
                text2                             162F8    162F8       1E     AC1B       0
                text1                              FA8E     FA8E      174     51D2       0
                text0                             13DD8    13DD8       96     51D2       0
                cstackCOMRAM                          1        1       56        1       1
                cstackBANK0                          60       60       9F       60       1
                cstackBANK1                         1C4      1C4       3C      100       1
                bssBIGRAMll                         800      800      400      800       1
                dataBANK4                           400      400       50      400       1
                bssBANK3                            300      300       C0      300       1
                dataBANK2                           29E      29E       4D      200       1
                bssBANK2                            200      200       9E      200       1
                bssBANK1                            100      100       C4      100       1
                bssBANK0                             FF       FF        1       60       1
                bssCOMRAM                            57       57        8        1       1
                cinit                             140BE    140BE       92     51D2       0
                idataBANK4                        15608    15608       50     51D2       0
                idataBANK2                        157E8    157E8       4D     51D2       0

TOTAL           Name                               Link     Load   Length     Space
        CLASS   STACK          

        CLASS   CODE           
                intcode                            9008     9008       86         0
                init                               908E     908E        4         0
                reset_vec                          9000     9000        4         0
                text249                           12D38    12D38       D0         0
                text248                           13070    13070       CA         0
                text247                           12FA4    12FA4       CC         0
                text246                           11412    11412      10E         0
                text245                           14EC4    14EC4       62         0
                text244                           1402A    1402A       94         0
                text243                           15BF6    15BF6       3C         0
                text242                           11938    11938      102         0
                text241                           15E20    15E20       34         0
                text240                           164BA    164BA        4         0
                text239                           16366    16366       1A         0
                text238                           14E62    14E62       62         0
                text237                           11304    11304      10E         0
                text236                           163F4    163F4       10         0
                text235                           11730    11730      106         0
                text234                           15410    15410       56         0
                text233                           12654    12654       E2         0
                text232                           1313A    1313A       C2         0
                text231                           15562    15562       54         0
                text230                           14386    14386       86         0
                text229                            D560     D560      284         0
                text228                           10666    10666      140         0
                text227                           13842    13842       AA         0
                text226                           1602A    1602A       2C         0
                text225                           12816    12816       E0         0
                text224                           12572    12572       E2         0
                text223                           13A3A    13A3A       A2         0
                text222                           11836    11836      102         0
                text221                           13F96    13F96       94         0
                text220                           14FE4    14FE4       5C         0
                text219                           13D40    13D40       98         0
                text218                           162D8    162D8       20         0
                text217                           15AB8    15AB8       44         0
                text216                           15F16    15F16       30         0
                text215                           15D16    15D16       38         0
                text214                           103DC    103DC      146         0
                text213                           10296    10296      146         0
                text212                           164AA    164AA        8         0
                text211                           164A2    164A2        8         0
                text210                           1649A    1649A        8         0
                text209                           15362    15362       58         0
                text208                           1619A    1619A       26         0
                text207                           1595E    1595E       48         0
                text206                           14514    14514       82         0
                text205                           14272    14272       8E         0
                text204                            B072     B072      5EC         0
                text203                           11E2C    11E2C       F4         0
                text202                           15C6C    15C6C       3A         0
                text200                           1162A    1162A      106         0
                text199                           1530A    1530A       58         0
                text198                           1014E    1014E      148         0
                text197                           16442    16442        C         0
                text196                           1200C    1200C       EC         0
                text195                            EEFA     EEFA      1D0         0
                text194                           15FD0    15FD0       2E         0
                text193                            FEB0     FEB0      152         0
                text192                            FD5E     FD5E      152         0
                text191                           16480    16480        A         0
                text190                           148F8    148F8       78         0
                text189                           14490    14490       84         0
                text188                           14300    14300       86         0
                text187                           16476    16476        A         0
                text186                           16492    16492        8         0
                text185                           1648A    1648A        8         0
                text184                           14D3A    14D3A       64         0
                text183                           1614C    1614C       28         0
                text182                           15798    15798       50         0
                text181                           159A6    159A6       46         0
                text180                           16436    16436        C         0
                text179                           12736    12736       E0         0
                text178                            F76E     F76E      196         0
                text177                           13B76    13B76       9A         0
                text176                           15FA2    15FA2       2E         0
                text175                           13798    13798       AA         0
                text174                           15BBA    15BBA       3C         0
                text173                           15748    15748       50         0
                text172                           164BE    164BE        2         0
                text171                            F5D6     F5D6      198         0
                text170                           10B50    10B50      12A         0
                text169                           15F74    15F74       2E         0
                text168                           13374    13374       B8         0
                text167                            F284     F284      1AE         0
                text166                           14F26    14F26       60         0
                text165                            E33C     E33C      224         0
                text164                           12AB2    12AB2       DE         0
                text163                           138EC    138EC       A8         0
                text162                           1646C    1646C        A         0
                text161                           162B6    162B6       22         0
                text160                           163AE    163AE       14         0
                text159                           1642A    1642A        C         0
                text158                           131FC    131FC       C0         0
                text157                           13CA8    13CA8       98         0
                text156                           15DEC    15DEC       34         0
                text155                           151A8    151A8       5A         0
                text154                           152B2    152B2       58         0
                text153                           1622C    1622C       24         0
                text152                           1487E    1487E       7A         0
                text151                           16124    16124       28         0
                text150                           15DB8    15DB8       34         0
                text149                           14E00    14E00       62         0
                text148                           11520    11520      10A         0
                text147                           10EB6    10EB6      11A         0
                text146                           10FD0    10FD0      116         0
                text145                            E95E     E95E      1EA         0
                text144                           1470E    1470E       7C         0
                text143                           1514E    1514E       5A         0
                text142                           141E2    141E2       90         0
                text141                           155B6    155B6       52         0
                text140                           156F8    156F8       50         0
                text139                           15D84    15D84       34         0
                text138                           164B6    164B6        4         0
                text137                            CCE4     CCE4      2EC         0
                text136                            BEB0     BEB0      3EE         0
                text135                           14D9E    14D9E       62         0
                text134                           10A1C    10A1C      134         0
                text133                            DA58     DA58      266         0
                text132                           163C2    163C2       12         0
                text131                           150F4    150F4       5A         0
                text130                           15E54    15E54       32         0
                text129                           15EE6    15EE6       30         0
                text128                           10002    10002      14C         0
                text127                            C9A8     C9A8      33C         0
                text126                            C656     C656      352         0
                text125                           15EB6    15EB6       30         0
                text124                           129D4    129D4       DE         0
                text123                           10522    10522      144         0
                text122                            EB48     EB48      1DE         0
                text121                           158CC    158CC       4A         0
                text120                           12ED6    12ED6       CE         0
                text119                           13640    13640       AE         0
                text118                           1550E    1550E       54         0
                text117                           15A74    15A74       44         0
                text116                           136EE    136EE       AA         0
                text115                           15A30    15A30       44         0
                text114                           15B7C    15B7C       3E         0
                text113                            E118     E118      224         0
                text112                           111F6    111F6      10E         0
                text111                           156A8    156A8       50         0
                text110                           12490    12490       E2         0
                text109                           159EC    159EC       44         0
                text108                            D2A6     D2A6      2BA         0
                text107                           108E2    108E2      13A         0
                text106                           16398    16398       16         0
                text105                            A3A4     A3A4      CCE         0
                text104                           149E0    149E0       70         0
                text103                           123AC    123AC       E4         0
                text102                            E560     E560      20E         0
                text101                           14ABE    14ABE       6E         0
                text100                           15B3C    15B3C       40         0
                text99                            15F46    15F46       2E         0
                text98                            11F20    11F20       EC         0
                text97                            132BC    132BC       B8         0
                text96                             FC02     FC02      15C         0
                text95                            110E6    110E6      110         0
                text94                             C29E     C29E      3B8         0
                text93                            16294    16294       22         0
                text92                            16208    16208       24         0
                text91                            122C6    122C6       E6         0
                text90                            14970    14970       70         0
                text89                            10D9C    10D9C      11A         0
                text88                            15882    15882       4A         0
                text87                             E76E     E76E      1F0         0
                text86                            14CD6    14CD6       64         0
                text85                            13F02    13F02       94         0
                text84                             ED26     ED26      1D4         0
                text83                            13ADC    13ADC       9A         0
                text82                            164B2    164B2        4         0
                text81                            14C04    14C04       6A         0
                text80                            15FFE    15FFE       2C         0
                text79                            1525A    1525A       58         0
                text78                             F904     F904      18A         0
                text77                            10C7A    10C7A      122         0
                text76                             F0CA     F0CA      1BA         0
                text75                            160FC    160FC       28         0
                text74                            16272    16272       22         0
                text73                            12B90    12B90       D8         0
                text72                            11C36    11C36       FC         0
                text71                            16380    16380       18         0
                text70                            1509A    1509A       5A         0
                text69                             B65E     B65E      42C         0
                text68                            14596    14596       80         0
                text67                            120F8    120F8       E8         0
                text66                            160AA    160AA       2A         0
                text65                            15E86    15E86       30         0
                text64                            16174    16174       26         0
                text63                            14B98    14B98       6C         0
                text62                            14804    14804       7A         0
                text61                            1478A    1478A       7A         0
                text60                            163E4    163E4       10         0
                text59                            1634C    1634C       1A         0
                text58                            16332    16332       1A         0
                text57                            15202    15202       58         0
                text56                            15916    15916       48         0
                text55                            13994    13994       A6         0
                text54                             DEF2     DEF2      226         0
                text53                            121E0    121E0       E6         0
                text52                             F432     F432      1A4         0
                text51                            14692    14692       7C         0
                text50                            1440C    1440C       84         0
                text49                            14C6E    14C6E       68         0
                text48                            11B38    11B38       FE         0
                text47                            154BA    154BA       54         0
                text46                            11D32    11D32       FA         0
                text45                            16080    16080       2A         0
                text44                            1641E    1641E        C         0
                text43                            16412    16412        C         0
                text42                            160D4    160D4       28         0
                text41                            14F86    14F86       5E         0
                text40                            12E08    12E08       CE         0
                text39                            15D4E    15D4E       36         0
                text38                             CFD0     CFD0      2D6         0
                text37                            15040    15040       5A         0
                text36                            14B2C    14B2C       6C         0
                text35                            15836    15836       4C         0
                text34                            107A6    107A6      13C         0
                text33                             DCBE     DCBE      234         0
                text32                            11A3A    11A3A       FE         0
                text31                             BA8A     BA8A      426         0
                text30                            1342C    1342C       B4         0
                text29                            134E0    134E0       B2         0
                text28                            15658    15658       50         0
                text27                            16056    16056       2A         0
                text26                            14616    14616       7C         0
                text25                            15C32    15C32       3A         0
                text24                            161E4    161E4       24         0
                text23                            16250    16250       22         0
                text22                            15466    15466       54         0
                text21                            15CDE    15CDE       38         0
                text20                            161C0    161C0       24         0
                text19                             D7E4     D7E4      274         0
                text18                            12C68    12C68       D0         0
                text17                            13592    13592       AE         0
                text16                            14150    14150       92         0
                text15                            163D4    163D4       10         0
                text14                            14A50    14A50       6E         0
                text13                            15CA6    15CA6       38         0
                text12                            15AFC    15AFC       40         0
                text11                            16404    16404        E         0
                text10                            16462    16462        A         0
                text9                             16458    16458        A         0
                text8                             1644E    1644E        A         0
                text7                             13E6E    13E6E       94         0
                text6                             153BA    153BA       56         0
                text5                             13C10    13C10       98         0
                text4                             16316    16316       1C         0
                text3                             128F6    128F6       DE         0
                text2                             162F8    162F8       1E         0
                text1                              FA8E     FA8E      174         0
                text0                             13DD8    13DD8       96         0
                cinit                             140BE    140BE       92         0
                idataBANK4                        15608    15608       50         0
                idataBANK2                        157E8    157E8       4D         0

        CLASS   CONST          

        CLASS   SMALLCONST     

        CLASS   MEDIUMCONST    
                mediumconst                        9092     9092     1312         0

        CLASS   COMRAM         
                temp                                 5F       5F        1         1
                cstackCOMRAM                          1        1       56         1
                bssCOMRAM                            57       57        8         1

        CLASS   ABS1           
                abs_s1                              600      600      200         1
                abs_s1                              D00      D00       5F         1
                abs_s1                              D80      D80        D         1

        CLASS   BIGRAM         
                bssBIGRAMll                         800      800      400         1

        CLASS   RAM            

        CLASS   BANK0          
                cstackBANK0                          60       60       9F         1
                bssBANK0                             FF       FF        1         1

        CLASS   BANK1          
                cstackBANK1                         1C4      1C4       3C         1
                bssBANK1                            100      100       C4         1

        CLASS   BANK2          
                dataBANK2                           29E      29E       4D         1
                bssBANK2                            200      200       9E         1

        CLASS   BANK3          
                bssBANK3                            300      300       C0         1

        CLASS   BANK4          
                dataBANK4                           400      400       50         1

        CLASS   BANK5          

        CLASS   BANK6          

        CLASS   BANK7          

        CLASS   BANK8          

        CLASS   BANK9          

        CLASS   BANK10         

        CLASS   BANK11         

        CLASS   BANK12         

        CLASS   BANK13         

        CLASS   BANK14         

        CLASS   SFR            

        CLASS   FARRAM         

        CLASS   CONFIG         
                config                            1FFF8    1FFF8        8         0

        CLASS   IDLOC          



SEGMENTS        Name                           Load    Length   Top    Selector   Space  Class

                cstackCOMRAM                   000001  00005F  000060         1       1  COMRAM  
                cstackBANK0                    000060  0000A0  000100        60       1  BANK0   
                bssBANK1                       000100  000100  000200       100       1  BANK1   
                bssBANK2                       000200  0000EB  0002EB       200       1  BANK2   
                bssBANK3                       000300  0000C0  0003C0       300       1  BANK3   
                dataBANK4                      000400  000050  000450       400       1  BANK4   
                bssBIGRAMll                    000800  000400  000C00       800       1  BIGRAM  
                reset_vec                      009000  000004  009004      4800       0  CODE    
                intcode                        009008  00008A  009092      4804       0  CODE    
                mediumconst                    009092  001312  00A3A4      4849       0  MEDIUMCO
                text105                        00A3A4  00B491  015835      51D2       0  CODE    
                text35                         015836  000C8A  0164C0      AC1B       0  CODE    
                config                         01FFF8  000008  020000     1FFF8       0  CONFIG  


UNUSED ADDRESS RANGES

        Name                Unused          Largest block    Delta
        BANK12           00C00-00CFF             100
        BANK13           00D5F-00D7F              21
                         00D8D-00DFF              73
        BANK14           00E00-00EAF              B0
        BANK2            002EB-002FF              15
        BANK3            003C0-003FF              40
        BANK4            00450-004FF              B0
        BANK5            00500-005FF             100
        BIGRAM           002EB-002FF              15
                         003C0-003FF              40
                         00450-005FF             1B0
                         00C00-00CFF             100
                         00D5F-00D7F              21
                         00D8D-00EAF             123
        CODE             09004-09007               4
                         15835-15835               1
                         164C0-1FFF7            9B38
        CONST            09004-09007               4
                         15835-15835               1
                         164C0-1FFF7            9B38
        FARRAM           00000-00000               1
        MEDIUMCONST      09004-09007               4
                         15835-15835               1
                         164C0-1FFF7            9B38
        RAM              002EB-002FF              15
                         003C0-003FF              40
                         00450-005FF             100
                         00C00-00CFF             100
                         00D5F-00D7F              21
                         00D8D-00EAF              73
        SFR              00EB0-00FFF              60
        SMALLCONST       09004-09007               4
                         15835-15835               1
                         164C0-1FFF7             100
        STACK            00450-005FF             1B0

                                  Symbol Table

?_ExternalFlash_CapacityRead                           cstackBANK0   00060
?_ExternalFlash_MediaInitialize                        cstackBANK0   00060
?_ExternalFlash_SectorSizeRead                         cstackBANK0   00060
?_USBTransferOnePacket                                 cstackBANK0   00060
?___aldiv                                              cstackBANK0   00060
?___almod                                              cstackBANK0   00060
?___fladd                                              cstackBANK0   0007C
?___fldiv                                              cstackBANK0   00078
?___flmul                                              cstackBANK0   00078
?___flneg                                              cstackBANK0   00078
?___fltol                                              cstackBANK0   00060
?___lldiv                                              cstackBANK0   00060
?___llmod                                              cstackBANK0   00060
?___lmul                                               cstackBANK0   00060
?___lwdiv                                              cstackBANK0   00060
?___lwmod                                              cstackBANK0   00060
?___wmul                                               cstackBANK0   00060
?___xxtofl                                             cstackBANK0   0006A
?__cluster_from_sector_and_offset                      cstackBANK0   00060
?__data_sector_from_cluster                            cstackBANK0   00060
?__display_position_in_degrees                         cstackBANK0   00060
?__encoder_next_arc_step_size                          cstackBANK0   00060
?__encoder_next_setup_stepsize                         cstackBANK0   00060
?__fat_offset_from_cluster                             cstackBANK0   00060
?__fat_sector_from_cluster                             cstackBANK0   00060
?__find_nth_cluster                                    cstackBANK0   00097
?__flash_get_status                                    cstackBANK0   0006C
?__get_available_cluster                               cstackBANK0   0008B
?__get_available_offset_from_buffer                    cstackBANK0   00060
?__get_date                                            cstackBANK0   00060
?__get_time                                            cstackBANK0   00060
?__make_cluster_chain                                  cstackBANK0   00095
?__motor_calculate_distance                            cstackBANK0   00060
?__motor_distance_to_limit                             cstackBANK0   0006C
?__motor_get_speed_in_degrees                          cstackBANK0   00091
?__motor_steps_from_degrees_int                        cstackBANK0   00091
?__offset_from_file_number                             cstackBANK0   00060
?__read_fat                                            cstackBANK0   0008F
?__read_value_from_offset                              cstackBANK0   00060
?__sector_from_file_number                             cstackBANK0   00060
?__step_position_from_divide_position                  cstackBANK0   00091
?__steps_from_degrees                                  cstackBANK0   00091
?_atoi                                                 cstackBANK0   00066
?_atol                                                 cstackBANK0   0006C
?_fat_get_file_size                                    cstackBANK0   00095
?_motor_speed_from_index                               cstackBANK0   0009D
?_stricmp                                              cstackBANK0   00061
?_strlen                                               cstackBANK0   00060
?_strncmp                                              cstackBANK0   00060
?i2_ExternalFlash_MediaInitialize                      cstackCOMRAM  00001
?i2_USBTransferOnePacket                               cstackCOMRAM  00001
ExternalFlash_CapacityRead@config                      cstackBANK0   00060
ExternalFlash_MediaDetect@config                       cstackBANK0   00060
ExternalFlash_MediaInitialize@config                   cstackBANK0   00060
ExternalFlash_SectorRead@buffer                        cstackBANK0   00091
ExternalFlash_SectorRead@config                        cstackBANK0   0008B
ExternalFlash_SectorRead@page                          cstackBANK0   00093
ExternalFlash_SectorRead@sector_addr                   cstackBANK0   0008D
ExternalFlash_SectorSizeRead@config                    cstackBANK0   00060
ExternalFlash_SectorWrite@allowWriteToZero             cstackBANK0   0008C
ExternalFlash_SectorWrite@buffer                       cstackBANK0   0008A
ExternalFlash_SectorWrite@config                       cstackBANK0   00084
ExternalFlash_SectorWrite@page                         cstackBANK0   0008D
ExternalFlash_SectorWrite@sector_addr                  cstackBANK0   00086
ExternalFlash_WriteProtectStateGet@config              cstackBANK0   00060
MSDCheckForErrorCases@DeviceBytes                      cstackBANK0   0006A
MSDCheckForErrorCases@DeviceNoData                     cstackBANK0   00070
MSDCheckForErrorCases@HostMoreDataThanDevice           cstackBANK0   0006E
MSDCheckForErrorCases@MSDErrorCase                     cstackBANK0   0006F
MSDComputeDeviceInAndResidue@DiExpected                cstackBANK0   00060
MSDErrorHandler@ErrorCase                              cstackBANK0   00068
MSDErrorHandler@OldMSD_State                           cstackBANK0   00069
MSDProcessCommandMediaPresent@NumBytesInPacket         cstackBANK0   0009D
MSDProcessCommandMediaPresent@capacity                 cstackBANK0   000A2
MSDProcessCommandMediaPresent@i                        cstackBANK0   000A6
MSDProcessCommandMediaPresent@sectorSize               cstackBANK0   0009E
MSDTasks@i                                             cstackBANK0   000B1
MSDTransferTerminated@handle                           cstackCOMRAM  0000C
SYSTEM_Initialize@pll_startup_counter                  cstackBANK0   00060
SYSTEM_Initialize@pll_startup_counter_3152             cstackBANK0   00062
SYSTEM_Initialize@state                                cstackBANK0   00064
USBConfigureEndpoint@EPNum                             cstackCOMRAM  00006
USBConfigureEndpoint@direction                         cstackCOMRAM  00001
USBConfigureEndpoint@handle                            cstackCOMRAM  00007
USBCtrlTrfInHandler@lastDTS                            cstackCOMRAM  00002
USBCtrlTrfRxService@byteToRead                         cstackCOMRAM  00002
USBCtrlTrfRxService@i                                  cstackCOMRAM  00001
USBCtrlTrfTxService@byteToSend                         cstackCOMRAM  00001
USBDeviceInit@i                                        cstackBANK0   00068
USBDeviceTasks@i                                       cstackCOMRAM  0001F
USBEnableEndpoint@ep                                   cstackCOMRAM  0000C
USBEnableEndpoint@options                              cstackCOMRAM  00009
USBEnableEndpoint@p                                    cstackCOMRAM  0000A
USBStallEndpoint@dir                                   cstackBANK0   00060
USBStallEndpoint@ep                                    cstackBANK0   00065
USBStallEndpoint@p                                     cstackBANK0   00066
USBStdFeatureReqHandler@current_ep_data                cstackCOMRAM  0001B
USBStdFeatureReqHandler@p                              cstackCOMRAM  0001C
USBStdFeatureReqHandler@pUEP                           cstackCOMRAM  00019
USBStdGetStatusHandler@p                               cstackCOMRAM  00002
USBStdSetCfgHandler@i                                  cstackCOMRAM  00018
USBTransferOnePacket@data                              cstackBANK0   00061
USBTransferOnePacket@dir                               cstackBANK0   00060
USBTransferOnePacket@ep                                cstackBANK0   00068
USBTransferOnePacket@handle                            cstackBANK0   00069
USBTransferOnePacket@len                               cstackBANK0   00063
USER_USB_CALLBACK_EVENT_HANDLER@event                  cstackCOMRAM  00010
USER_USB_CALLBACK_EVENT_HANDLER@pdata                  cstackCOMRAM  00012
USER_USB_CALLBACK_EVENT_HANDLER@size                   cstackCOMRAM  00014
_ADCON0bits                                            (abs)         00FC2
_ADCON1bits                                            (abs)         00FC1
_ADRESH                                                (abs)         00FC4
_ADRESL                                                (abs)         00FC3
_ANCON0bits                                            (abs)         00F48
_ANCON1bits                                            (abs)         00F49
_APP_DeviceCustomHIDInitialize                         text241       15E20
_APP_DeviceCustomHIDTasks                              text163       138EC
_APP_DeviceMSDInitialize                               text236       163F4
_APP_DeviceMSDTasks                                    text132       163C2
_BDT                                                   (abs)         00D00
_BothEP0OutUOWNsSet                                    bssBANK1      0015F
_CCP1CONbits                                           (abs)         00FBA
_CCPR1L                                                (abs)         00FBB
_CCPTMRS0bits                                          (abs)         00F52
_ConfigFile_buffer                                     bssBIGRAMll   00800
_CtrlTrfData                                           (abs)         00D38
_DMABCH                                                (abs)         00F66
_DMABCL                                                (abs)         00F67
_DMACON1bits                                           (abs)         00F88
_DMACON2bits                                           (abs)         00F86
_EECON2                                                (abs)         00FA7
_ExternalFlash_CapacityRead                            text160       163AE
_ExternalFlash_MediaDetect                             text162       1646C
_ExternalFlash_MediaDetect$intlevel0                   text162       16472
_ExternalFlash_MediaInitialize                         text161       162B6
_ExternalFlash_MediaInitialize$intlevel0               text161       162BC
_ExternalFlash_SectorRead                              text150       15DB8
_ExternalFlash_SectorSizeRead                          text159       1642A
_ExternalFlash_SectorWrite                             text139       15D84
_ExternalFlash_WriteProtectStateGet                    text138       164B6
_INTCONbits                                            (abs)         00FF2
_IPR2bits                                              (abs)         00FA2
_LATAbits                                              (abs)         00F89
_LATBbits                                              (abs)         00F8A
_LATCbits                                              (abs)         00F8B
_LATDbits                                              (abs)         00F8C
_LBA                                                   bssBANK1      00123
_LUN                                                   dataBANK2     0029E
_MSBBufferIndex                                        bssBANK2      00247
_MSDCBWValid                                           bssBANK1      0014F
_MSDCheckForErrorCases                                 text146       10FD0
_MSDCommandState                                       bssBANK1      00156
_MSDComputeDeviceInAndResidue                          text158       131FC
_MSDErrorHandler                                       text147       10EB6
_MSDHostNoData                                         bssBANK1      00150
_MSDProcessCommand                                     text134       10A1C
_MSDProcessCommandMediaAbsent                          text135       14D9E
_MSDProcessCommandMediaPresent                         text136       0BEB0
_MSDProcessCommandMediaPresent$2606                    cstackBANK0   0009B
_MSDReadHandler                                        text145       0E95E
_MSDReadState                                          bssBANK1      00155
_MSDRetryAttempt                                       bssBANK1      00153
_MSDTasks                                              text133       0DA58
_MSDTasks$2588                                         cstackBANK0   000AD
_MSDTasks$2589                                         cstackBANK0   000AF
_MSDTransferTerminated                                 text234       15410
_MSDTransferTerminated$2623                            cstackCOMRAM  0000E
_MSDWriteHandler                                       text137       0CCE4
_MSDWriteState                                         bssBANK1      00154
_MSD_State                                             bssBANK1      00157
_OSCCON                                                (abs)         00FD3
_OSCTUNEbits                                           (abs)         00F9B
_PIE1bits                                              (abs)         00F9D
_PIE2bits                                              (abs)         00FA0
_PIR1bits                                              (abs)         00F9E
_PIR2bits                                              (abs)         00FA1
_PORTA                                                 (abs)         00F80
_PORTAbits                                             (abs)         00F80
_PORTDbits                                             (abs)         00F83
_PORTE                                                 (abs)         00F84
_PORTEbits                                             (abs)         00F84
_PPSCONbits                                            (abs)         00EBF
_PR2                                                   (abs)         00FCB
_RCONbits                                              (abs)         00FD0
_RPINR21                                               (abs)         00EFC
_RPINR22                                               (abs)         00EFD
_RPOR21                                                (abs)         00ED5
_RPOR23                                                (abs)         00ED7
_RPOR4                                                 (abs)         00EC4
_RXADDRH                                               (abs)         00F68
_RXADDRL                                               (abs)         00F69
_ReceivedDataBuffer                                    bssBANK3      00380
_RemoteWakeup                                          bssBANK1      00162
_ResetSenseData                                        text149       14E00
_SSP1ADD                                               (abs)         00FC8
_SSP1BUF                                               (abs)         00FC9
_SSP1CON1bits                                          (abs)         00FC6
_SSP1CON2bits                                          (abs)         00FC5
_SSP1STATbits                                          (abs)         00FC7
_SSP2CON1bits                                          (abs)         00F72
_SSP2STATbits                                          (abs)         00F73
_SYSTEM_Initialize                                     text131       150F4
_SYS_InterruptHigh                                     intcode       09008
_SetupPkt                                              (abs)         00D30
_SoftDetach                                            bssBANK1      00151
_T0CONbits                                             (abs)         00FD5
_T2CONbits                                             (abs)         00FCA
_TMR0H                                                 (abs)         00FD7
_TMR0L                                                 (abs)         00FD6
_TMR2                                                  (abs)         00FCC
_TRISAbits                                             (abs)         00F92
_TRISBbits                                             (abs)         00F93
_TRISCbits                                             (abs)         00F94
_TRISDbits                                             (abs)         00F95
_TRISEbits                                             (abs)         00F96
_TXADDRH                                               (abs)         00F6A
_TXADDRL                                               (abs)         00F6B
_ToSendDataBuffer                                      bssBANK3      00340
_TransferLength                                        bssBANK1      0013A
_UADDR                                                 (abs)         00F38
_UCFG                                                  (abs)         00F39
_UCON                                                  (abs)         00F65
_UCONbits                                              (abs)         00F65
_UEIE                                                  (abs)         00F37
_UEIR                                                  (abs)         00F63
_UEP0                                                  (abs)         00F26
_UEP0bits                                              (abs)         00F26
_UEP1                                                  (abs)         00F27
_UIE                                                   (abs)         00F36
_UIEbits                                               (abs)         00F36
_UIR                                                   (abs)         00F62
_UIRbits                                               (abs)         00F62
_USB1msTickCount                                       bssBANK1      00127
_USBActiveConfiguration                                bssBANK1      001C3
_USBAlternateInterface                                 bssBANK1      001BF
_USBBusIsSuspended                                     bssBANK1      00161
_USBCheckHIDRequest                                    text233       12654
_USBCheckMSDRequest                                    text232       1313A
_USBCheckMSDRequest$2534                               cstackCOMRAM  0000C
_USBCheckMSDRequest$2535                               cstackCOMRAM  0000E
_USBCheckStdRequest                                    text224       12572
_USBConfigureEndpoint                                  text244       1402A
_USBCtrlEPAllowDataStage                               text223       13A3A
_USBCtrlEPAllowStatusStage                             text247       12FA4
_USBCtrlEPService                                      text219       13D40
_USBCtrlEPServiceComplete                              text222       11836
_USBCtrlTrfInHandler                                   text248       13070
_USBCtrlTrfOutHandler                                  text245       14EC4
_USBCtrlTrfRxService                                   text246       11412
_USBCtrlTrfSetupHandler                                text221       13F96
_USBCtrlTrfTxService                                   text249       12D38
_USBDeferINDataStagePackets                            bssBANK1      0015A
_USBDeferOUTDataStagePackets                           bssBANK1      00159
_USBDeferStatusStagePacket                             bssBANK1      0015D
_USBDeviceAttach                                       text130       15E54
_USBDeviceInit                                         text128       10002
_USBDeviceState                                        bssCOMRAM     0005D
_USBDeviceTasks                                        text213       10296
_USBEnableEndpoint                                     text243       15BF6
_USBInHandle                                           bssBANK1      00136
_USBIncrement1msInternalTimers                         text218       162D8
_USBMSDInHandle                                        bssBANK1      0013E
_USBMSDInit                                            text237       11304
_USBMSDOutHandle                                       bssBANK1      00140
_USBOutHandle                                          bssBANK1      00138
_USBStallEndpoint                                      text148       11520
_USBStallHandler                                       text217       15AB8
_USBStatusStageEnabledFlag1                            bssBANK1      0015C
_USBStatusStageEnabledFlag2                            bssBANK1      0015B
_USBStatusStageTimeoutCounter                          bssBANK1      0015E
_USBStdFeatureReqHandler                               text229       0D560
_USBStdGetDscHandler                                   text228       10666
_USBStdGetStatusHandler                                text227       13842
_USBStdSetCfgHandler                                   text225       12816
_USBSuspend                                            text216       15F16
_USBTicksSinceSuspendEnd                               bssBANK1      00158
_USBTransferOnePacket                                  text200       1162A
_USBWakeFromSuspend                                    text215       15D16
_USB_CD_Ptr                                            mediumconst   09DEC
_USB_SD_Ptr                                            mediumconst   09DE4
_USER_USB_CALLBACK_EVENT_HANDLER                       text230       14386
_USTAT                                                 (abs)         00F64
_USTATcopy                                             bssCOMRAM     0005E
__CFG_ADCSEL$BIT12                                     (abs)         00000
__CFG_CFGPLLEN$ON                                      (abs)         00000
__CFG_CLKOEC$OFF                                       (abs)         00000
__CFG_CP0$OFF                                          (abs)         00000
__CFG_CPUDIV$OSC1                                      (abs)         00000
__CFG_DSBOREN$OFF                                      (abs)         00000
__CFG_DSWDTEN$OFF                                      (abs)         00000
__CFG_DSWDTOSC$T1OSCREF                                (abs)         00000
__CFG_DSWDTPS$8192                                     (abs)         00000
__CFG_FCMEN$OFF                                        (abs)         00000
__CFG_IESO$ON                                          (abs)         00000
__CFG_IOL1WAY$OFF                                      (abs)         00000
__CFG_LS48MHZ$SYS48X8                                  (abs)         00000
__CFG_MSSP7B_EN$MSK7                                   (abs)         00000
__CFG_OSC$HSPLL                                        (abs)         00000
__CFG_PLLDIV$2                                         (abs)         00000
__CFG_RTCOSC$T1OSCREF                                  (abs)         00000
__CFG_SOSCSEL$HIGH                                     (abs)         00000
__CFG_STVREN$ON                                        (abs)         00000
__CFG_WDTEN$ON                                         (abs)         00000
__CFG_WDTPS$512                                        (abs)         00000
__CFG_WPCFG$OFF                                        (abs)         00000
__CFG_WPDIS$OFF                                        (abs)         00000
__CFG_WPEND$PAGE_0                                     (abs)         00000
__CFG_WPFP$PAGE_1                                      (abs)         00000
__CFG_XINST$OFF                                        (abs)         00000
__HRAM                                                 (abs)         00000
__Habs1                                                abs1          00000
__Hbank0                                               bank0         00000
__Hbank1                                               bank1         00000
__Hbank10                                              bank10        00000
__Hbank11                                              bank11        00000
__Hbank12                                              bank12        00000
__Hbank13                                              bank13        00000
__Hbank14                                              bank14        00000
__Hbank2                                               bank2         00000
__Hbank3                                               bank3         00000
__Hbank4                                               bank4         00000
__Hbank5                                               bank5         00000
__Hbank6                                               bank6         00000
__Hbank7                                               bank7         00000
__Hbank8                                               bank8         00000
__Hbank9                                               bank9         00000
__Hbigbss                                              bigbss        00000
__Hbigdata                                             bigdata       00000
__Hbigram                                              bigram        00000
__Hbss                                                 bss           00000
__HbssBANK0                                            bssBANK0      00000
__HbssBANK1                                            bssBANK1      00000
__HbssBANK2                                            bssBANK2      00000
__HbssBANK3                                            bssBANK3      00000
__HbssBIGRAMll                                         bssBIGRAMll   00000
__HbssCOMRAM                                           bssCOMRAM     00000
__Hcinit                                               cinit         00000
__Hclrtext                                             clrtext       00000
__Hcomram                                              comram        00000
__Hconfig                                              config        20000
__Hconst                                               const         00000
__HcstackBANK0                                         cstackBANK0   00000
__HcstackBANK1                                         cstackBANK1   00000
__HcstackCOMRAM                                        cstackCOMRAM  00000
__Hdata                                                data          00000
__HdataBANK2                                           dataBANK2     00000
__HdataBANK4                                           dataBANK4     00000
__Hfarbss                                              farbss        00000
__Hfardata                                             fardata       00000
__Hibigdata                                            ibigdata      00000
[...]
		_memcpy        		CODE           	14F26	0000	97

C:\Program Files (x86)\Microchip\xc8\v2.00\pic\sources\c90\common\memcpy.c estimated size: 97

C:\Program Files (x86)\Microchip\xc8\v2.00\pic\sources\c90\common\sprcdiv.c
		___fldiv       		CODE           	D2A6	0000	699

C:\Program Files (x86)\Microchip\xc8\v2.00\pic\sources\c90\common\sprcdiv.c estimated size: 699

C:\Program Files (x86)\Microchip\xc8\v2.00\pic\sources\c90\common\toupper.c
		_toupper       		CODE           	16380	0000	25

C:\Program Files (x86)\Microchip\xc8\v2.00\pic\sources\c90\common\toupper.c estimated size: 25

C:\Program Files (x86)\Microchip\xc8\v2.00\pic\sources\c90\common\Umul16.c
		___wmul        		CODE           	160FC	0000	41

C:\Program Files (x86)\Microchip\xc8\v2.00\pic\sources\c90\common\Umul16.c estimated size: 41

i2c.c
		_i2c_eeprom_write		CODE           	14514	0000	131
		__i2c_read     		CODE           	13E6E	0000	149
		_i2c_display_write_fixed		CODE           	15466	0000	85
		__i2c_not_acknowledge		CODE           	1644E	0000	11
		__ic2_display_set_ddram_address		CODE           	161E4	0000	37
		_i2c_eeprom_recover_position		CODE           	13C10	0000	153
		__i2c_get      		CODE           	16458	0000	11
		__ic2_display_set_cgram_address		CODE           	16056	0000	43
		__i2c_wait_idle		CODE           	14D3A	0000	101
		_i2c_display_init		CODE           	15658	0000	81
		__i2c_send     		CODE           	16476	0000	11
		_i2c_eeprom_read		CODE           	153BA	0000	87
		_i2c_display_program_custom_character		CODE           	14616	0000	125
		__i2c_stop     		CODE           	1648A	0000	9
		__i2c_write    		CODE           	15798	0000	81
		__i2c_start    		CODE           	16492	0000	9
		__i2c_eeprom_busy		CODE           	1614C	0000	41
		_i2c_init      		CODE           	16316	0000	29
		__i2c_acknowledge		CODE           	16462	0000	11
		_i2c_eeprom_save_position		CODE           	14272	0000	143
		_i2c_display_cursor		CODE           	16250	0000	35
		_i2c_eeprom_writeByte		CODE           	159A6	0000	71

i2c.c estimated size: 1454

app_device_msd.c
		_APP_DeviceMSDInitialize		CODE           	163F4	0000	17
		_APP_DeviceMSDTasks		CODE           	163C2	0000	19

app_device_msd.c estimated size: 36

C:\Program Files (x86)\Microchip\xc8\v2.00\pic\sources\c90\common\itoa.c
		_itoa          		CODE           	15A30	0000	69
		_utoa          		CODE           	136EE	0000	171

C:\Program Files (x86)\Microchip\xc8\v2.00\pic\sources\c90\common\itoa.c estimated size: 240

api.c
		__fill_buffer_get_status		CODE           	E33C	0000	549
		__parse_set_manual_speed		CODE           	14490	0000	133
		_api_prepare   		CODE           	12AB2	0000	223
		__parse_jump_steps_with_overshoot		CODE           	FD5E	0000	339
		_api_parse     		CODE           	10B50	0000	299
		__parse_command_long		CODE           	14300	0000	135
		__fill_buffer_get_display		CODE           	13374	0000	185
		__fill_buffer_get_mode_details		CODE           	F284	0000	431
		__parse_jump_steps		CODE           	FEB0	0000	339
		__parse_command_short		CODE           	F5D6	0000	409

api.c estimated size: 3042

C:\Program Files (x86)\Microchip\xc8\v2.00\pic\sources\c90\common\atol.c
		_atol          		CODE           	11C36	0000	253

C:\Program Files (x86)\Microchip\xc8\v2.00\pic\sources\c90\common\atol.c estimated size: 253

config_file.c
		_configFile_read		CODE           	F432	0000	421
		__add_item     		CODE           	11D32	0000	251
		__parse_item   		CODE           	B65E	0000	1069
		_configFile_readDefault		CODE           	14692	0000	125
		__steps_from_degrees		CODE           	F0CA	0000	443
		_configFile_write		CODE           	BA8A	0000	1063
		__get_item     		CODE           	F904	0000	395

config_file.c estimated size: 3767

C:\Program Files (x86)\Microchip\xc8\v2.00\pic\sources\c90\common\almod.c
		___almod       		CODE           	13640	0000	175

C:\Program Files (x86)\Microchip\xc8\v2.00\pic\sources\c90\common\almod.c estimated size: 175

C:\Program Files (x86)\Microchip\xc8\v2.00\pic\sources\c90\common\__lldiv.c
		___lldiv       		CODE           	1440C	0000	133

C:\Program Files (x86)\Microchip\xc8\v2.00\pic\sources\c90\common\__lldiv.c estimated size: 133

adc.c
		_adc_read_temperature		CODE           	EB48	0000	479
		_adc_init      		CODE           	1525A	0000	89

adc.c estimated size: 568

C:\Program Files (x86)\Microchip\xc8\v2.00\pic\sources\c90\common\lwdiv.c
		___lwdiv       		CODE           	1550E	0000	85

C:\Program Files (x86)\Microchip\xc8\v2.00\pic\sources\c90\common\lwdiv.c estimated size: 85

motor.c
		_motor_move_degrees_int		CODE           	15882	0000	75
		_motor_items_in_cue		CODE           	16442	0000	13
		_motor_move_endless		CODE           	15FA2	0000	47
		__motor_move_steps		CODE           	EEFA	0000	465
		_motor_clear_command_cue		CODE           	16436	0000	13
		_motor_arc_move		CODE           	123AC	0000	229
		__motor_move_back_forth		CODE           	13798	0000	171
		_motor_set_manual_speed		CODE           	148F8	0000	121
		__motor_decide_direction		CODE           	F76E	0000	407
		_motor_goto_steps		CODE           	13B76	0000	155
		_motor_decrease_manual_speed		CODE           	16294	0000	35
		__motor_calculate_distance		CODE           	12736	0000	225
		_motor_stop    		CODE           	15748	0000	81
		_motor_divide_jump		CODE           	132BC	0000	185
		_motor_move_steps		CODE           	15FD0	0000	47
		_motor_isr     		CODE           	B072	0000	1517
		_motor_init    		CODE           	162F8	0000	31
		__motor_distance_to_limit		CODE           	1014E	0000	329
		__step_position_from_divide_position		CODE           	11F20	0000	237
		__motor_schedule_command		CODE           	1200C	0000	237
		_motor_process_cue		CODE           	13ADC	0000	155
		__motor_steps_from_degrees_int		CODE           	10D9C	0000	283
		_motor_set_zero		CODE           	15BBA	0000	61
		__motor_run    		CODE           	ED26	0000	469
		_motor_change_speed		CODE           	16480	0000	11
		_motor_divide_jump_to_nearest		CODE           	FC02	0000	349
		__motor_get_speed_in_degrees		CODE           	108E2	0000	315
		_motor_increase_manual_speed		CODE           	16208	0000	37
		_motor_calculate_position_in_degrees		CODE           	128F6	0000	223
		_motor_speed_from_index		CODE           	16398	0000	23

motor.c estimated size: 6546

C:\Program Files (x86)\Microchip\xc8\v2.00\pic\sources\c90\common\fltol.c
		___fltol       		CODE           	129D4	0000	223

C:\Program Files (x86)\Microchip\xc8\v2.00\pic\sources\c90\common\fltol.c estimated size: 223

C:\Program Files (x86)\Microchip\xc8\v2.00\pic\sources\c90\common\flge.c
		___flge        		CODE           	10C7A	0000	291

C:\Program Files (x86)\Microchip\xc8\v2.00\pic\sources\c90\common\flge.c estimated size: 291

C:\Program Files (x86)\Microchip\xc8\v2.00\pic\sources\c90\common\Umul32.c
		___lmul        		CODE           	1530A	0000	89

C:\Program Files (x86)\Microchip\xc8\v2.00\pic\sources\c90\common\Umul32.c estimated size: 89

C:\Program Files (x86)\Microchip\xc8\v2.00\pic\sources\c90\common\isdigit.c
		_isdigit       		CODE           	16272	0000	35

C:\Program Files (x86)\Microchip\xc8\v2.00\pic\sources\c90\common\isdigit.c estimated size: 35

C:\Program Files (x86)\Microchip\xc8\v2.00\pic\sources\c90\common\sprcadd.c
		___fladd       		CODE           	C9A8	0000	829

C:\Program Files (x86)\Microchip\xc8\v2.00\pic\sources\c90\common\sprcadd.c estimated size: 829

spi.c
		_spi_init      		CODE           	15AFC	0000	65
		__spi_init     		CODE           	15CA6	0000	57
		_spi_tx        		CODE           	151A8	0000	91
		_spi_tx_rx     		CODE           	13CA8	0000	153
		_spi_tx_tx     		CODE           	141E2	0000	145

spi.c estimated size: 511

app_device_custom_hid.c
		_APP_DeviceCustomHIDTasks		CODE           	138EC	0000	169
		_APP_DeviceCustomHIDInitialize		CODE           	15E20	0000	53

app_device_custom_hid.c estimated size: 222

shared
		_dc_setup1     		MEDIUMCONST    	A01E	0000	81
		_dc_setup2     		MEDIUMCONST    	9FCE	0000	81
		i2_USBStallEndpoint		CODE           	11730	0000	263
		_motor_postscaler_lookup		MEDIUMCONST    	982F	0000	488
		_configDescriptor1		MEDIUMCONST    	A10E	0000	65
		_inq_resp      		MEDIUMCONST    	A1B0	0000	37
		_USB_CD_Ptr    		MEDIUMCONST    	9DEC	0000	3
		_maximum_speed_arc_string		MEDIUMCONST    	A28A	0000	19
		_overshoot_in_steps_string		MEDIUMCONST    	A277	0000	20
		_dc_arc1       		MEDIUMCONST    	9EDE	0000	81
		_sd001         		MEDIUMCONST    	A14E	0000	53
		i2_ExternalFlash_MediaDetect		CODE           	164BA	0000	5
		_motor_period_lookup		MEDIUMCONST    	9A16	0000	488
		_dc_main       		MEDIUMCONST    	A0BE	0000	81
		_bit_pattern_ae		MEDIUMCONST    	A339	0000	9
		_sd002         		MEDIUMCONST    	A182	0000	47
		_full_circle_in_steps_string		MEDIUMCONST    	A262	0000	22
		i2_USBDeviceInit		CODE           	103DC	0000	327
		i2_ResetSenseData		CODE           	14E62	0000	99
		_initial_speed_arc_string		MEDIUMCONST    	A29C	0000	19
		_ccw_limit_string		MEDIUMCONST    	A326	0000	11
		_motor_speed_lookup		MEDIUMCONST    	9093	0000	975
		_bit_pattern_degree		MEDIUMCONST    	A341	0000	9
		_motor_steps_lookup		MEDIUMCONST    	9461	0000	975
		_sd003         		MEDIUMCONST    	A1F1	0000	27
		_cw_limit_string		MEDIUMCONST    	A330	0000	10
		_overshoot_cost_in_steps_string		MEDIUMCONST    	A20B	0000	25
		_menu_structure_string		MEDIUMCONST    	A2D2	0000	16
		_maximum_speed_manual_string		MEDIUMCONST    	A238	0000	22
		__initialization		CODE           	140BE	0000	137
		_minimum_speed_string		MEDIUMCONST    	A30B	0000	15
		_use_ccw_limit_string		MEDIUMCONST    	A2E1	0000	15
		_bit_pattern_verticalbar		MEDIUMCONST    	A349	0000	9
		_device_dsc    		MEDIUMCONST    	A2C0	0000	19
		i2_ExternalFlash_MediaInitialize		CODE           	16366	0000	27
		_dc_main_simplified		MEDIUMCONST    	A06E	0000	81
		_position_display_180_string		MEDIUMCONST    	A223	0000	22
		_flash_command_pagesize_512		MEDIUMCONST    	A355	0000	5
		_flash_command_pagesize_528		MEDIUMCONST    	A351	0000	5
		_inverse_direction_string		MEDIUMCONST    	A2AE	0000	19
		_initial_speed_manual_string		MEDIUMCONST    	A24D	0000	22
		_dc_manual     		MEDIUMCONST    	9DEE	0000	81
		_dc_arc2       		MEDIUMCONST    	9E8E	0000	81
		_motor_prescaler_lookup		MEDIUMCONST    	9BFD	0000	488
		_maximum_speed_string		MEDIUMCONST    	A2FD	0000	15
		_use_cw_limit_string		MEDIUMCONST    	A319	0000	14
		_beep_duration_string		MEDIUMCONST    	A2EF	0000	15
		i2_SYSTEM_Initialize		CODE           	15562	0000	85
		_dc_zero       		MEDIUMCONST    	9E3E	0000	81
		_USB_SD_Ptr    		MEDIUMCONST    	9DE4	0000	9
		i2__i2c_eeprom_busy		CODE           	1619A	0000	39
		_dc_divide1    		MEDIUMCONST    	9F7E	0000	81
		_dc_divide2    		MEDIUMCONST    	9F2E	0000	81
		_hid_rpt01     		MEDIUMCONST    	A1D4	0000	30
		i2__i2c_send   		CODE           	164AA	0000	9
		i2__i2c_stop   		CODE           	1649A	0000	9
		i2_memset      		CODE           	1602A	0000	45
		i2__i2c_write  		CODE           	1595E	0000	73
		_sd000         		MEDIUMCONST    	A359	0000	5
		i2__i2c_start  		CODE           	164A2	0000	9
		i2_memcpy      		CODE           	14FE4	0000	93
		i2__i2c_wait_idle		CODE           	15362	0000	89
		i2_USBTransferOnePacket		CODE           	11938	0000	259

shared estimated size: 6425

flash.c
		__flash_copy_page_to_buffer		CODE           	15040	0000	91
		__flash_wakeup 		CODE           	152B2	0000	89
		_flash_partial_write		CODE           	14B2C	0000	109
		_flash_init    		CODE           	16404	0000	15
		_flash_sector_read		CODE           	16124	0000	41
		_flash_partial_read		CODE           	16174	0000	39
		__flash_is_busy		CODE           	1622C	0000	37
		__flash_write_to_buffer		CODE           	155B6	0000	83
		__flash_get_status		CODE           	15DEC	0000	53
		__flash_set_page_size		CODE           	14A50	0000	111
		__flash_write_page_from_buffer		CODE           	1514E	0000	91
		__flash_compare_page_to_buffer		CODE           	1470E	0000	125
		__flash_partial_read		CODE           	1487E	0000	123
		_flash_sector_write		CODE           	156F8	0000	81

flash.c estimated size: 1088

C:\Program Files (x86)\Microchip\xc8\v2.00\pic\sources\c90\common\xxtofl.c
		___xxtofl      		CODE           	10522	0000	325

C:\Program Files (x86)\Microchip\xc8\v2.00\pic\sources\c90\common\xxtofl.c estimated size: 325

os.c
		_system_init   		CODE           	FA8E	0000	373
		_reboot        		CODE           	164BE	0000	3
		_tmr0_isr      		CODE           	15C6C	0000	59
		__backlight_init		CODE           	164B2	0000	5
		__system_pin_setup		CODE           	14C04	0000	107
		__system_timer0_init		CODE           	15FFE	0000	45

os.c estimated size: 592

usb_device.c
		_USBCtrlTrfInHandler		CODE           	13070	0000	203
		_USBTransferOnePacket		CODE           	1162A	0000	263
		_USBDeviceAttach		CODE           	15E54	0000	51
		_USBStdGetDscHandler		CODE           	10666	0000	321
		_USBCtrlEPAllowDataStage		CODE           	13A3A	0000	163
		_USBStdFeatureReqHandler		CODE           	D560	0000	645
		_USBCtrlEPAllowStatusStage		CODE           	12FA4	0000	205
		_USBCtrlTrfSetupHandler		CODE           	13F96	0000	149
		_USBCtrlTrfOutHandler		CODE           	14EC4	0000	99
		_USBCtrlEPServiceComplete		CODE           	11836	0000	259
		_USBSuspend    		CODE           	15F16	0000	49
		_USBStdSetCfgHandler		CODE           	12816	0000	225
		_USBStdGetStatusHandler		CODE           	13842	0000	171
		_USBWakeFromSuspend		CODE           	15D16	0000	57
		_USBStallEndpoint		CODE           	11520	0000	267
		_USBCtrlTrfRxService		CODE           	11412	0000	271
		_USBCtrlTrfTxService		CODE           	12D38	0000	209
		_USBEnableEndpoint		CODE           	15BF6	0000	61
		_USBConfigureEndpoint		CODE           	1402A	0000	149
		_USBDeviceInit 		CODE           	10002	0000	333
		_USBIncrement1msInternalTimers		CODE           	162D8	0000	33
		_USBCtrlEPService		CODE           	13D40	0000	153
		_USBStallHandler		CODE           	15AB8	0000	69
		_USBDeviceTasks		CODE           	10296	0000	327
		_USBCheckStdRequest		CODE           	12572	0000	227

usb_device.c estimated size: 4959

C:\Program Files (x86)\Microchip\xc8\v2.00\pic\sources\c90\common\strlen.c
		_strlen        		CODE           	15B7C	0000	63

C:\Program Files (x86)\Microchip\xc8\v2.00\pic\sources\c90\common\strlen.c estimated size: 63

display.c
		__display_clear		CODE           	158CC	0000	75
		__display_start		CODE           	134E0	0000	179
		__display_itoa_u16		CODE           	1342C	0000	181
		_display_init  		CODE           	15C32	0000	59
		__display_itoa_long		CODE           	111F6	0000	271
		_display_update		CODE           	15CDE	0000	57
		__display_position_in_degrees		CODE           	156A8	0000	81
		__display_padded_itoa		CODE           	12490	0000	227
		__display_signed_itoa		CODE           	159EC	0000	69
		_display_prepare		CODE           	A3A4	0000	3279
		_display_get_character		CODE           	15F74	0000	47
		__display_itoa 		CODE           	E118	0000	549

display.c estimated size: 5074

usb_events.c
		_USER_USB_CALLBACK_EVENT_HANDLER		CODE           	14386	0000	135

usb_events.c estimated size: 135

C:\Program Files (x86)\Microchip\xc8\v2.00\pic\sources\c90\common\aldiv.c
		___aldiv       		CODE           	12ED6	0000	207

C:\Program Files (x86)\Microchip\xc8\v2.00\pic\sources\c90\common\aldiv.c estimated size: 207

encoder.c
		__encoder_statemachine_setup		CODE           	E76E	0000	497
		__encoder_next_divide_step_size		CODE           	15F46	0000	47
		_encoder_statemachine		CODE           	13F02	0000	149
		__encoder_next_setup_stepsize		CODE           	14970	0000	113
		__encoder_statemachine_arc		CODE           	E560	0000	527
		_encoder_run   		CODE           	11E2C	0000	245
		_encoder_init  		CODE           	161C0	0000	37
		__encoder_statemachine_divide		CODE           	110E6	0000	273
		__encoder_statemachine_zero		CODE           	14CD6	0000	101
		__encoder_statemachine_main		CODE           	C29E	0000	953
		__divide_jump_size_increment		CODE           	15B3C	0000	65
		__encoder_next_arc_step_size		CODE           	149E0	0000	113
		__divide_jump_size_decrement		CODE           	14ABE	0000	111
		__encoder_statemachine_manual		CODE           	122C6	0000	231

encoder.c estimated size: 3462

C:\Program Files (x86)\Microchip\xc8\v2.00\pic\sources\c90\common\memset.c
		_memset        		CODE           	15EE6	0000	49

C:\Program Files (x86)\Microchip\xc8\v2.00\pic\sources\c90\common\memset.c estimated size: 49

C:\Program Files (x86)\Microchip\xc8\v2.00\pic\sources\c90\common\stricmp.c
		_stricmp       		CODE           	1509A	0000	91

C:\Program Files (x86)\Microchip\xc8\v2.00\pic\sources\c90\common\stricmp.c estimated size: 91

C:\Program Files (x86)\Microchip\xc8\v2.00\pic\sources\c90\common\flneg.c
		___flneg       		CODE           	15EB6	0000	49

C:\Program Files (x86)\Microchip\xc8\v2.00\pic\sources\c90\common\flneg.c estimated size: 49

main.c
		_main          		CODE           	13DD8	0000	151

main.c estimated size: 151

fat16.c
		__fat_sector_from_cluster		CODE           	16332	0000	27
		_fat_restore_mbr_fbr		CODE           	14150	0000	147
		__make_cluster_chain		CODE           	CFD0	0000	727
		__get_date     		CODE           	1641E	0000	13
		__get_time     		CODE           	16412	0000	13
		__root_is_available		CODE           	14B98	0000	109
		__find_nth_cluster		CODE           	13994	0000	167
		__read_fat     		CODE           	15202	0000	89
		__data_sector_from_cluster		CODE           	163E4	0000	17
		__fat_offset_from_cluster		CODE           	1634C	0000	27
		__cluster_from_sector_and_offset		CODE           	160D4	0000	41
		__read_value_from_offset		CODE           	15916	0000	73
		__get_available_root_entry		CODE           	16080	0000	43
		_fat_resize_file		CODE           	11A3A	0000	255
		__get_fbr      		CODE           	D7E4	0000	629
		_fat_init      		CODE           	163D4	0000	17
		__write_value_to_offset		CODE           	15D4E	0000	55
		__write_root   		CODE           	15836	0000	77
		__get_available_offset_from_buffer		CODE           	14F86	0000	95
		_fat_create_file		CODE           	107A6	0000	317
		_fat_modify_file		CODE           	DCBE	0000	565
		__get_available_cluster		CODE           	12E08	0000	207
		_fat_read_from_file_fast		CODE           	DEF2	0000	551
		__get_mbr      		CODE           	12C68	0000	209
		_fat_find_file 		CODE           	120F8	0000	233
		_fat_get_file_information		CODE           	1478A	0000	123
		_fat_read_from_file		CODE           	121E0	0000	231
		__offset_from_file_number		CODE           	160AA	0000	43
		_fat_get_file_size		CODE           	14804	0000	123
		__sector_from_file_number		CODE           	15E86	0000	49
		_fat_get_format_status		CODE           	13592	0000	175

fat16.c estimated size: 5447

external_flash.c
		_ExternalFlash_MediaInitialize		CODE           	162B6	0000	35
		_ExternalFlash_WriteProtectStateGet		CODE           	164B6	0000	5
		_ExternalFlash_MediaDetect		CODE           	1646C	0000	11
		_ExternalFlash_CapacityRead		CODE           	163AE	0000	21
		_ExternalFlash_SectorSizeRead		CODE           	1642A	0000	13
		_ExternalFlash_SectorWrite		CODE           	15D84	0000	53
		_ExternalFlash_SectorRead		CODE           	15DB8	0000	53

external_flash.c estimated size: 191

system.c
		_SYS_InterruptHigh		CODE           	9008	0000	135
		_SYSTEM_Initialize		CODE           	150F4	0000	91

system.c estimated size: 226

usb_device_msd.c
		_ResetSenseData		CODE           	14E00	0000	99
		_USBMSDInit    		CODE           	11304	0000	271
		_MSDWriteHandler		CODE           	CCE4	0000	749
		_MSDErrorHandler		CODE           	10EB6	0000	283
		_MSDProcessCommandMediaAbsent		CODE           	14D9E	0000	99
		_MSDComputeDeviceInAndResidue		CODE           	131FC	0000	193
		_MSDReadHandler		CODE           	E95E	0000	491
		_MSDCheckForErrorCases		CODE           	10FD0	0000	279
		_MSDProcessCommand		CODE           	10A1C	0000	309
		_MSDTasks      		CODE           	DA58	0000	615
		_MSDTransferTerminated		CODE           	15410	0000	87
		_MSDProcessCommandMediaPresent		CODE           	BEB0	0000	1007
		_USBCheckMSDRequest		CODE           	1313A	0000	195

usb_device_msd.c estimated size: 4677

